[0.582s] Invoking command in '/root/ros_workspace/src/multi_robot_bringup': AMENT_PREFIX_PATH=/root/ros_workspace/install/dynamic_obstacle_detector:${AMENT_PREFIX_PATH} PYTHONPATH=/root/ros_workspace/build/multi_robot_bringup/prefix_override:/usr/lib/python3/dist-packages/colcon_core/task/python/colcon_distutils_commands:/root/ros_workspace/install/multi_robot_bringup/lib/python3.12/site-packages:/root/ros_workspace/install/dynamic_obstacle_detector/lib/python3.12/site-packages:${PYTHONPATH} /usr/bin/python3 -W ignore:setup.py install is deprecated -W ignore:easy_install command is deprecated setup.py egg_info --egg-base ../../build/multi_robot_bringup build --build-base /root/ros_workspace/build/multi_robot_bringup/build install --record /root/ros_workspace/build/multi_robot_bringup/install.log --single-version-externally-managed install_data
[0.730s] running egg_info
[0.730s] creating ../../build/multi_robot_bringup/multi_robot_bringup.egg-info
[0.738s] writing ../../build/multi_robot_bringup/multi_robot_bringup.egg-info/PKG-INFO
[0.738s] writing dependency_links to ../../build/multi_robot_bringup/multi_robot_bringup.egg-info/dependency_links.txt
[0.738s] writing requirements to ../../build/multi_robot_bringup/multi_robot_bringup.egg-info/requires.txt
[0.739s] writing top-level names to ../../build/multi_robot_bringup/multi_robot_bringup.egg-info/top_level.txt
[0.739s] writing manifest file '../../build/multi_robot_bringup/multi_robot_bringup.egg-info/SOURCES.txt'
[0.759s] reading manifest file '../../build/multi_robot_bringup/multi_robot_bringup.egg-info/SOURCES.txt'
[0.759s] writing manifest file '../../build/multi_robot_bringup/multi_robot_bringup.egg-info/SOURCES.txt'
[0.760s] running build
[0.760s] running build_py
[0.760s] creating /root/ros_workspace/build/multi_robot_bringup/build
[0.760s] creating /root/ros_workspace/build/multi_robot_bringup/build/lib
[0.760s] creating /root/ros_workspace/build/multi_robot_bringup/build/lib/multi_robot_scripts
[0.760s] copying multi_robot_scripts/__init__.py -> /root/ros_workspace/build/multi_robot_bringup/build/lib/multi_robot_scripts
[0.760s] copying multi_robot_scripts/utils.py -> /root/ros_workspace/build/multi_robot_bringup/build/lib/multi_robot_scripts
[0.760s] creating /root/ros_workspace/build/multi_robot_bringup/build/lib/multi_robot_bringup
[0.761s] copying multi_robot_bringup/__init__.py -> /root/ros_workspace/build/multi_robot_bringup/build/lib/multi_robot_bringup
[0.761s] running install
[0.764s] running install_lib
[0.774s] creating /root/ros_workspace/install/multi_robot_bringup/lib/python3.12/site-packages/multi_robot_scripts
[0.774s] copying /root/ros_workspace/build/multi_robot_bringup/build/lib/multi_robot_scripts/__init__.py -> /root/ros_workspace/install/multi_robot_bringup/lib/python3.12/site-packages/multi_robot_scripts
[0.774s] copying /root/ros_workspace/build/multi_robot_bringup/build/lib/multi_robot_scripts/utils.py -> /root/ros_workspace/install/multi_robot_bringup/lib/python3.12/site-packages/multi_robot_scripts
[0.774s] creating /root/ros_workspace/install/multi_robot_bringup/lib/python3.12/site-packages/multi_robot_bringup
[0.774s] copying /root/ros_workspace/build/multi_robot_bringup/build/lib/multi_robot_bringup/__init__.py -> /root/ros_workspace/install/multi_robot_bringup/lib/python3.12/site-packages/multi_robot_bringup
[0.774s] byte-compiling /root/ros_workspace/install/multi_robot_bringup/lib/python3.12/site-packages/multi_robot_scripts/__init__.py to __init__.cpython-312.pyc
[0.775s] byte-compiling /root/ros_workspace/install/multi_robot_bringup/lib/python3.12/site-packages/multi_robot_scripts/utils.py to utils.cpython-312.pyc
[0.776s] byte-compiling /root/ros_workspace/install/multi_robot_bringup/lib/python3.12/site-packages/multi_robot_bringup/__init__.py to __init__.cpython-312.pyc
[0.777s] running install_data
[0.777s] creating /root/ros_workspace/install/multi_robot_bringup/share/ament_index
[0.777s] creating /root/ros_workspace/install/multi_robot_bringup/share/ament_index/resource_index
[0.778s] creating /root/ros_workspace/install/multi_robot_bringup/share/ament_index/resource_index/packages
[0.778s] copying resource/multi_robot_bringup -> /root/ros_workspace/install/multi_robot_bringup/share/ament_index/resource_index/packages
[0.778s] copying package.xml -> /root/ros_workspace/install/multi_robot_bringup/share/multi_robot_bringup
[0.778s] creating /root/ros_workspace/install/multi_robot_bringup/share/multi_robot_bringup/launch
[0.778s] copying launch/tb3_world.launch.py -> /root/ros_workspace/install/multi_robot_bringup/share/multi_robot_bringup/launch
[0.778s] copying launch/tb3_nav2.launch.py -> /root/ros_workspace/install/multi_robot_bringup/share/multi_robot_bringup/launch
[0.778s] creating /root/ros_workspace/install/multi_robot_bringup/share/multi_robot_bringup/params
[0.779s] copying params/burger_nav2_params.yaml -> /root/ros_workspace/install/multi_robot_bringup/share/multi_robot_bringup/params
[0.779s] creating /root/ros_workspace/install/multi_robot_bringup/share/multi_robot_bringup/rviz
[0.779s] copying rviz/tb3_navigation2.rviz -> /root/ros_workspace/install/multi_robot_bringup/share/multi_robot_bringup/rviz
[0.780s] creating /root/ros_workspace/install/multi_robot_bringup/share/multi_robot_bringup/config
[0.780s] copying config/robots.yaml -> /root/ros_workspace/install/multi_robot_bringup/share/multi_robot_bringup/config
[0.780s] creating /root/ros_workspace/install/multi_robot_bringup/share/multi_robot_bringup/map
[0.780s] copying map/map.yaml -> /root/ros_workspace/install/multi_robot_bringup/share/multi_robot_bringup/map
[0.780s] copying map/map2.yaml -> /root/ros_workspace/install/multi_robot_bringup/share/multi_robot_bringup/map
[0.781s] copying map/map2.pgm -> /root/ros_workspace/install/multi_robot_bringup/share/multi_robot_bringup/map
[0.781s] copying map/map.pgm -> /root/ros_workspace/install/multi_robot_bringup/share/multi_robot_bringup/map
[0.781s] creating /root/ros_workspace/install/multi_robot_bringup/share/multi_robot_bringup/launch/nav2_custom
[0.781s] running install_egg_info
[0.790s] Copying ../../build/multi_robot_bringup/multi_robot_bringup.egg-info to /root/ros_workspace/install/multi_robot_bringup/lib/python3.12/site-packages/multi_robot_bringup-0.0.0-py3.12.egg-info
[0.790s] running install_scripts
[0.859s] writing list of installed files to '/root/ros_workspace/build/multi_robot_bringup/install.log'
[0.891s] Invoked command in '/root/ros_workspace/src/multi_robot_bringup' returned '0': AMENT_PREFIX_PATH=/root/ros_workspace/install/dynamic_obstacle_detector:${AMENT_PREFIX_PATH} PYTHONPATH=/root/ros_workspace/build/multi_robot_bringup/prefix_override:/usr/lib/python3/dist-packages/colcon_core/task/python/colcon_distutils_commands:/root/ros_workspace/install/multi_robot_bringup/lib/python3.12/site-packages:/root/ros_workspace/install/dynamic_obstacle_detector/lib/python3.12/site-packages:${PYTHONPATH} /usr/bin/python3 -W ignore:setup.py install is deprecated -W ignore:easy_install command is deprecated setup.py egg_info --egg-base ../../build/multi_robot_bringup build --build-base /root/ros_workspace/build/multi_robot_bringup/build install --record /root/ros_workspace/build/multi_robot_bringup/install.log --single-version-externally-managed install_data
