[0.268s] Invoking command in '/root/ros_workspace/build/turtlebot3_gazebo': CMAKE_PREFIX_PATH=${CMAKE_PREFIX_PATH}:/opt/ros/jazzy /usr/bin/cmake /root/ros_workspace/src/turtlebot3_gazebo -DCMAKE_INSTALL_PREFIX=/root/ros_workspace/install/turtlebot3_gazebo
[0.371s] -- The C compiler identification is GNU 13.3.0
[0.483s] -- The CXX compiler identification is GNU 13.3.0
[0.502s] -- Detecting C compiler ABI info
[0.589s] -- Detecting C compiler ABI info - done
[0.596s] -- Check for working C compiler: /usr/bin/cc - skipped
[0.596s] -- Detecting C compile features
[0.597s] -- Detecting C compile features - done
[0.605s] -- Detecting CXX compiler ABI info
[0.682s] -- Detecting CXX compiler ABI info - done
[0.688s] -- Check for working CXX compiler: /usr/bin/c++ - skipped
[0.688s] -- Detecting CXX compile features
[0.689s] -- Detecting CXX compile features - done
[0.706s] -- Found ament_cmake: 2.5.4 (/opt/ros/jazzy/share/ament_cmake/cmake)
[0.835s] -- Found Python3: /usr/bin/python3 (found version "3.12.3") found components: Interpreter 
[0.976s] -- Found ros_gz_sim: 1.0.16 (/opt/ros/jazzy/share/ros_gz_sim/cmake)
[1.043s] -- Found rosidl_generator_c: 4.6.6 (/opt/ros/jazzy/share/rosidl_generator_c/cmake)
[1.059s] -- Found rosidl_generator_cpp: 4.6.6 (/opt/ros/jazzy/share/rosidl_generator_cpp/cmake)
[1.088s] -- Using all available rosidl_typesupport_c: rosidl_typesupport_fastrtps_c;rosidl_typesupport_introspection_c
[1.106s] -- Using all available rosidl_typesupport_cpp: rosidl_typesupport_fastrtps_cpp;rosidl_typesupport_introspection_cpp
[1.208s] -- Found rmw_implementation_cmake: 7.3.2 (/opt/ros/jazzy/share/rmw_implementation_cmake/cmake)
[1.214s] -- Found rmw_fastrtps_cpp: 8.4.3 (/opt/ros/jazzy/share/rmw_fastrtps_cpp/cmake)
[1.321s] -- Found OpenSSL: /usr/lib/x86_64-linux-gnu/libcrypto.so (found version "3.0.13")  
[1.340s] -- Found FastRTPS: /opt/ros/jazzy/include (Required is at least version "2.13") 
[1.359s] -- Using RMW implementation 'rmw_fastrtps_cpp' as default
[1.657s] -- Found nav_msgs: 5.3.6 (/opt/ros/jazzy/share/nav_msgs/cmake)
[1.686s] -- Found sensor_msgs: 5.3.6 (/opt/ros/jazzy/share/sensor_msgs/cmake)
[1.717s] -- Found gz_math_vendor: 0.0.8 (/opt/ros/jazzy/share/gz_math_vendor/cmake)
[1.732s] -- Looking for gz-math7 -- found version 7.5.2
[1.748s] -- Searching for dependencies of gz-math7
[1.750s] -- Looking for gz-utils2 -- found version 2.2.1
[1.751s] -- Searching for dependencies of gz-utils2
[1.756s] -- Found gz_sim_vendor: 0.0.8 (/opt/ros/jazzy/share/gz_sim_vendor/cmake)
[1.846s] -- Looking for gz-sim8 -- found version 8.9.0
[1.847s] -- Searching for dependencies of gz-sim8
[1.849s] -- Looking for sdformat14 -- found version 14.8.0
[1.849s] -- Searching for dependencies of sdformat14
[1.854s] -- Checking for module 'tinyxml2'
[1.869s] --   Found tinyxml2, version 10.0.0
[1.897s] -- Looking for gz-math7 -- found version 7.5.2
[1.898s] -- Looking for gz-utils2 -- found version 2.2.1
[1.898s] -- Searching for dependencies of gz-utils2
[1.898s] -- Searching for <gz-utils2> component [cli]
[1.901s] -- Looking for gz-utils2-cli -- found version 2.2.1
[1.901s] -- Searching for dependencies of gz-utils2-cli
[1.907s] -- Looking for gz-plugin2 -- found version 2.0.4
[1.907s] -- Searching for dependencies of gz-plugin2
[1.907s] -- Looking for gz-utils2 -- found version 2.2.1
[1.908s] -- Searching for <gz-plugin2> component [loader]
[1.911s] -- Looking for gz-plugin2-loader -- found version 2.0.4
[1.911s] -- Searching for dependencies of gz-plugin2-loader
[1.912s] -- Searching for <gz-plugin2> component [register]
[1.915s] -- Looking for gz-plugin2-register -- found version 2.0.4
[1.916s] -- Searching for dependencies of gz-plugin2-register
[1.920s] -- Looking for gz-transport13 -- found version 13.4.1
[1.920s] -- Searching for dependencies of gz-transport13
[2.054s] -- Found Protobuf: /usr/lib/x86_64-linux-gnu/libprotobuf.so (found version "3.21.12") 
[2.065s] -- Config-file not installed for ZeroMQ -- checking for pkg-config
[2.069s] -- Checking for module 'libzmq >= 4'
[2.081s] --   Found libzmq, version 4.3.5
[2.118s] -- Found ZeroMQ: TRUE (Required is at least version "4") 
[2.124s] -- Checking for module 'uuid'
[2.136s] --   Found uuid, version 2.39.3
[2.159s] -- Found UUID: TRUE  
[2.160s] -- Looking for gz-utils2 -- found version 2.2.1
[2.163s] -- Looking for gz-msgs10 -- found version 10.3.2
[2.163s] -- Searching for dependencies of gz-msgs10
[2.180s] -- Looking for gz-utils2 -- found version 2.2.1
[2.180s] -- Looking for gz-math7 -- found version 7.5.2
[2.190s] -- Searching for <gz-transport13> component [log]
[2.192s] -- Looking for gz-transport13-log -- found version 13.4.1
[2.192s] -- Searching for dependencies of gz-transport13-log
[2.193s] -- Searching for <gz-transport13> component [parameters]
[2.196s] -- Looking for gz-transport13-parameters -- found version 13.4.1
[2.196s] -- Searching for dependencies of gz-transport13-parameters
[2.197s] -- Looking for gz-msgs10 -- found version 10.3.2
[2.201s] -- Looking for gz-common5 -- found version 5.7.1
[2.201s] -- Searching for dependencies of gz-common5
[2.201s] -- Looking for gz-utils2 -- found version 2.2.1
[2.202s] -- Looking for dlfcn.h - found
[2.203s] -- Looking for libdl - found
[2.204s] -- Found DL: TRUE  
[2.211s] -- Searching for <gz-common5> component [av]
[2.214s] -- Looking for gz-common5-av -- found version 5.7.1
[2.214s] -- Searching for dependencies of gz-common5-av
[2.218s] -- Checking for module 'libswscale'
[2.231s] --   Found libswscale, version 7.5.100
[2.257s] -- Found SWSCALE: TRUE  
[2.261s] -- Checking for module 'libavdevice >= 56.4.100'
[2.272s] --   Found libavdevice, version 60.3.100
[2.309s] -- Found AVDEVICE: TRUE (Required is at least version "56.4.100") 
[2.313s] -- Checking for module 'libavformat'
[2.324s] --   Found libavformat, version 60.16.100
[2.352s] -- Found AVFORMAT: TRUE  
[2.356s] -- Checking for module 'libavcodec'
[2.367s] --   Found libavcodec, version 60.31.102
[2.393s] -- Found AVCODEC: TRUE  
[2.398s] -- Checking for module 'libavutil'
[2.411s] --   Found libavutil, version 58.29.100
[2.437s] -- Found AVUTIL: TRUE  
[2.439s] -- Searching for <gz-common5> component [events]
[2.442s] -- Looking for gz-common5-events -- found version 5.7.1
[2.442s] -- Searching for dependencies of gz-common5-events
[2.442s] -- Looking for gz-math7 -- found version 7.5.2
[2.443s] -- Searching for <gz-common5> component [graphics]
[2.446s] -- Looking for gz-common5-graphics -- found version 5.7.1
[2.446s] -- Searching for dependencies of gz-common5-graphics
[2.446s] -- Looking for gz-math7 -- found version 7.5.2
[2.453s] -- Found GzAssimp: TRUE (found version "5.3.0") 
[2.454s] -- Searching for <gz-common5> component [io]
[2.457s] -- Looking for gz-common5-io -- found version 5.7.1
[2.458s] -- Searching for dependencies of gz-common5-io
[2.459s] -- Searching for <gz-common5> component [profiler]
[2.461s] -- Looking for gz-common5-profiler -- found version 5.7.1
[2.462s] -- Searching for dependencies of gz-common5-profiler
[2.466s] -- Looking for gz-fuel_tools9 -- found version 9.1.1
[2.466s] -- Searching for dependencies of gz-fuel_tools9
[2.533s] -- Found CURL: /usr/lib/x86_64-linux-gnu/libcurl.so (found version "8.5.0")  
[2.544s] -- Checking for module 'jsoncpp'
[2.555s] --   Found jsoncpp, version 1.9.5
[2.581s] -- Found JSONCPP: TRUE  
[2.597s] -- Checking for module 'yaml-0.1'
[2.609s] --   Found yaml-0.1, version 0.2.5
[2.634s] -- Found YAML: TRUE  
[2.638s] -- Checking for module 'libzip'
[2.649s] --   Found libzip, version 1.7.3
[2.673s] -- Found ZIP: TRUE  
[2.673s] -- Looking for gz-utils2 -- found version 2.2.1
[2.674s] -- Looking for gz-common5 -- found version 5.7.1
[2.674s] -- Searching for dependencies of gz-common5
[2.674s] -- Looking for gz-utils2 -- found version 2.2.1
[2.674s] -- Looking for dlfcn.h - found
[2.674s] -- Looking for libdl - found
[2.680s] -- Searching for <gz-common5> component [testing]
[2.683s] -- Looking for gz-common5-testing -- found version 5.7.1
[2.683s] -- Searching for dependencies of gz-common5-testing
[2.685s] -- Looking for gz-math7 -- found version 7.5.2
[2.685s] -- Looking for gz-msgs10 -- found version 10.3.2
[2.689s] -- Looking for gz-gui8 -- found version 8.4.0
[2.690s] -- Searching for dependencies of gz-gui8
[2.711s] -- Looking for gz-utils2 -- found version 2.2.1
[2.712s] -- Looking for gz-math7 -- found version 7.5.2
[2.712s] -- Looking for gz-common5 -- found version 5.7.1
[2.712s] -- Looking for gz-plugin2 -- found version 2.0.4
[2.713s] -- Looking for gz-transport13 -- found version 13.4.1
[2.716s] -- Looking for gz-rendering8 -- found version 8.2.2
[2.716s] -- Searching for dependencies of gz-rendering8
[2.716s] -- Looking for gz-math7 -- found version 7.5.2
[2.716s] -- Searching for dependencies of gz-math7
[2.717s] -- Looking for gz-utils2 -- found version 2.2.1
[2.717s] -- Searching for <gz-math7> component [eigen3]
[2.721s] -- Looking for gz-math7-eigen3 -- found version 7.5.2
[2.721s] -- Searching for dependencies of gz-math7-eigen3
[2.731s] -- Looking for gz-common5 -- found version 5.7.1
[2.731s] -- Searching for dependencies of gz-common5
[2.731s] -- Looking for gz-utils2 -- found version 2.2.1
[2.732s] -- Looking for dlfcn.h - found
[2.732s] -- Looking for libdl - found
[2.738s] -- Searching for <gz-common5> component [graphics]
[2.738s] -- Searching for <gz-common5> component [events]
[2.738s] -- Searching for <gz-common5> component [geospatial]
[2.741s] -- Looking for gz-common5-geospatial -- found version 5.7.1
[2.741s] -- Searching for dependencies of gz-common5-geospatial
[2.741s] -- Looking for gz-math7 -- found version 7.5.2
[2.741s] -- Looking for gz-common5 -- found version 5.7.1
[2.743s] -- Looking for gz-plugin2 -- found version 2.0.4
[2.743s] -- Searching for dependencies of gz-plugin2
[2.743s] -- Looking for gz-utils2 -- found version 2.2.1
[2.743s] -- Searching for <gz-plugin2> component [all]
[2.746s] -- Looking for all libraries of gz-plugin2 -- found version 2.0.4
[2.747s] -- Looking for gz-plugin2 -- found version 2.0.4
[2.748s] -- Looking for gz-utils2 -- found version 2.2.1
[2.761s] -- Found OpenGL: /usr/lib/x86_64-linux-gnu/libOpenGL.so  found components: OpenGL 
[2.763s] -- Looking for gz-msgs10 -- found version 10.3.2
[2.817s] -- Looking for gz-physics7 -- found version 7.5.0
[2.817s] -- Searching for dependencies of gz-physics7
[2.818s] -- Looking for gz-common5 -- found version 5.7.1
[2.818s] -- Looking for gz-math7 -- found version 7.5.2
[2.818s] -- Looking for gz-plugin2 -- found version 2.0.4
[2.819s] -- Looking for gz-utils2 -- found version 2.2.1
[2.821s] -- Searching for <gz-physics7> component [heightmap]
[2.823s] -- Looking for gz-physics7-heightmap -- found version 7.5.0
[2.823s] -- Searching for dependencies of gz-physics7-heightmap
[2.823s] -- Looking for gz-common5 -- found version 5.7.1
[2.824s] -- Searching for <gz-physics7> component [mesh]
[2.826s] -- Looking for gz-physics7-mesh -- found version 7.5.0
[2.826s] -- Searching for dependencies of gz-physics7-mesh
[2.827s] -- Looking for gz-common5 -- found version 5.7.1
[2.827s] -- Searching for <gz-physics7> component [sdf]
[2.832s] -- Looking for gz-physics7-sdf -- found version 7.5.0
[2.832s] -- Searching for dependencies of gz-physics7-sdf
[2.832s] -- Looking for sdformat14 -- found version 14.8.0
[2.838s] -- Looking for gz-sensors8 -- found version 8.2.2
[2.838s] -- Searching for dependencies of gz-sensors8
[2.855s] -- Looking for gz-math7 -- found version 7.5.2
[2.855s] -- Looking for gz-common5 -- found version 5.7.1
[2.856s] -- Looking for gz-transport13 -- found version 13.4.1
[2.856s] -- Looking for gz-rendering8 -- found version 8.2.2
[2.857s] -- Looking for gz-msgs10 -- found version 10.3.2
[2.857s] -- Looking for sdformat14 -- found version 14.8.0
[2.858s] -- Searching for <gz-sensors8> component [air_pressure]
[2.861s] -- Looking for gz-sensors8-air_pressure -- found version 8.2.2
[2.861s] -- Searching for dependencies of gz-sensors8-air_pressure
[2.862s] -- Searching for <gz-sensors8> component [air_speed]
[2.864s] -- Looking for gz-sensors8-air_speed -- found version 8.2.2
[2.864s] -- Searching for dependencies of gz-sensors8-air_speed
[2.865s] -- Searching for <gz-sensors8> component [altimeter]
[2.867s] -- Looking for gz-sensors8-altimeter -- found version 8.2.2
[2.867s] -- Searching for dependencies of gz-sensors8-altimeter
[2.868s] -- Searching for <gz-sensors8> component [imu]
[2.871s] -- Looking for gz-sensors8-imu -- found version 8.2.2
[2.871s] -- Searching for dependencies of gz-sensors8-imu
[2.872s] -- Searching for <gz-sensors8> component [force_torque]
[2.874s] -- Looking for gz-sensors8-force_torque -- found version 8.2.2
[2.875s] -- Searching for dependencies of gz-sensors8-force_torque
[2.876s] -- Searching for <gz-sensors8> component [logical_camera]
[2.878s] -- Looking for gz-sensors8-logical_camera -- found version 8.2.2
[2.878s] -- Searching for dependencies of gz-sensors8-logical_camera
[2.879s] -- Searching for <gz-sensors8> component [magnetometer]
[2.881s] -- Looking for gz-sensors8-magnetometer -- found version 8.2.2
[2.881s] -- Searching for dependencies of gz-sensors8-magnetometer
[2.882s] -- Searching for <gz-sensors8> component [navsat]
[2.884s] -- Looking for gz-sensors8-navsat -- found version 8.2.2
[2.884s] -- Searching for dependencies of gz-sensors8-navsat
[2.885s] -- Searching for <gz-sensors8> component [dvl]
[2.887s] -- Looking for gz-sensors8-dvl -- found version 8.2.2
[2.888s] -- Searching for dependencies of gz-sensors8-dvl
[2.888s] -- Looking for gz-sensors8 -- found version 8.2.2
[2.888s] -- Searching for dependencies of gz-sensors8
[2.906s] -- Looking for gz-math7 -- found version 7.5.2
[2.906s] -- Looking for gz-common5 -- found version 5.7.1
[2.907s] -- Looking for gz-transport13 -- found version 13.4.1
[2.907s] -- Looking for gz-rendering8 -- found version 8.2.2
[2.907s] -- Looking for gz-msgs10 -- found version 10.3.2
[2.908s] -- Looking for sdformat14 -- found version 14.8.0
[2.908s] -- Searching for <gz-sensors8> component [rendering]
[2.911s] -- Looking for gz-sensors8-rendering -- found version 8.2.2
[2.911s] -- Searching for dependencies of gz-sensors8-rendering
[2.913s] -- Searching for <gz-sensors8> component [rendering]
[2.913s] -- Searching for <gz-sensors8> component [lidar]
[2.915s] -- Looking for gz-sensors8-lidar -- found version 8.2.2
[2.916s] -- Searching for dependencies of gz-sensors8-lidar
[2.916s] -- Looking for gz-sensors8 -- found version 8.2.2
[2.917s] -- Searching for <gz-sensors8> component [gpu_lidar]
[2.919s] -- Looking for gz-sensors8-gpu_lidar -- found version 8.2.2
[2.919s] -- Searching for dependencies of gz-sensors8-gpu_lidar
[2.920s] -- Looking for gz-sensors8 -- found version 8.2.2
[2.921s] -- Searching for <gz-sensors8> component [camera]
[2.923s] -- Looking for gz-sensors8-camera -- found version 8.2.2
[2.923s] -- Searching for dependencies of gz-sensors8-camera
[2.924s] -- Looking for gz-sensors8 -- found version 8.2.2
[2.925s] -- Searching for <gz-sensors8> component [boundingbox_camera]
[2.927s] -- Looking for gz-sensors8-boundingbox_camera -- found version 8.2.2
[2.927s] -- Searching for dependencies of gz-sensors8-boundingbox_camera
[2.928s] -- Searching for <gz-sensors8> component [segmentation_camera]
[2.930s] -- Looking for gz-sensors8-segmentation_camera -- found version 8.2.2
[2.930s] -- Searching for dependencies of gz-sensors8-segmentation_camera
[2.931s] -- Searching for <gz-sensors8> component [depth_camera]
[2.933s] -- Looking for gz-sensors8-depth_camera -- found version 8.2.2
[2.933s] -- Searching for dependencies of gz-sensors8-depth_camera
[2.934s] -- Looking for gz-sensors8 -- found version 8.2.2
[2.935s] -- Searching for <gz-sensors8> component [rgbd_camera]
[2.937s] -- Looking for gz-sensors8-rgbd_camera -- found version 8.2.2
[2.937s] -- Searching for dependencies of gz-sensors8-rgbd_camera
[2.937s] -- Looking for gz-sensors8 -- found version 8.2.2
[2.938s] -- Searching for <gz-sensors8> component [thermal_camera]
[2.940s] -- Looking for gz-sensors8-thermal_camera -- found version 8.2.2
[2.941s] -- Searching for dependencies of gz-sensors8-thermal_camera
[2.941s] -- Looking for gz-sensors8 -- found version 8.2.2
[2.942s] -- Searching for <gz-sensors8> component [wide_angle_camera]
[2.944s] -- Looking for gz-sensors8-wide_angle_camera -- found version 8.2.2
[2.944s] -- Searching for dependencies of gz-sensors8-wide_angle_camera
[2.946s] -- Looking for gz-rendering8 -- found version 8.2.2
[2.946s] -- Looking for gz-math7 -- found version 7.5.2
[2.946s] -- Looking for gz-utils2 -- found version 2.2.1
[2.967s] -- Looking for gz-plugin2 -- found version 2.0.4
[3.036s] -- Configuring done (2.8s)
[3.073s] -- Generating done (0.0s)
[3.079s] -- Build files have been written to: /root/ros_workspace/build/turtlebot3_gazebo
[3.090s] Invoked command in '/root/ros_workspace/build/turtlebot3_gazebo' returned '0': CMAKE_PREFIX_PATH=${CMAKE_PREFIX_PATH}:/opt/ros/jazzy /usr/bin/cmake /root/ros_workspace/src/turtlebot3_gazebo -DCMAKE_INSTALL_PREFIX=/root/ros_workspace/install/turtlebot3_gazebo
[3.091s] Invoking command in '/root/ros_workspace/build/turtlebot3_gazebo': CMAKE_PREFIX_PATH=${CMAKE_PREFIX_PATH}:/opt/ros/jazzy /usr/bin/cmake --build /root/ros_workspace/build/turtlebot3_gazebo -- -j20 -l20
[3.136s] [ 12%] [32mBuilding CXX object CMakeFiles/obstacles.dir/src/obstacles.cpp.o[0m
[3.136s] [ 25%] [32mBuilding CXX object CMakeFiles/obstacle1.dir/src/obstacle1.cpp.o[0m
[3.137s] [ 37%] [32mBuilding CXX object CMakeFiles/obstacle2.dir/src/obstacle2.cpp.o[0m
[3.137s] [ 50%] [32mBuilding CXX object CMakeFiles/turtlebot3_drive.dir/src/turtlebot3_drive.cpp.o[0m
[5.665s] [ 62%] [32m[1mLinking CXX shared library libobstacle2.so[0m
[5.690s] [ 75%] [32m[1mLinking CXX shared library libobstacle1.so[0m
[5.943s] [ 75%] Built target obstacle1
[5.947s] [ 75%] Built target obstacle2
[6.050s] [ 87%] [32m[1mLinking CXX shared library libobstacles.so[0m
[6.183s] [ 87%] Built target obstacles
[11.285s] [100%] [32m[1mLinking CXX executable turtlebot3_drive[0m
[11.603s] [100%] Built target turtlebot3_drive
[11.612s] Invoked command in '/root/ros_workspace/build/turtlebot3_gazebo' returned '0': CMAKE_PREFIX_PATH=${CMAKE_PREFIX_PATH}:/opt/ros/jazzy /usr/bin/cmake --build /root/ros_workspace/build/turtlebot3_gazebo -- -j20 -l20
[11.613s] Invoking command in '/root/ros_workspace/build/turtlebot3_gazebo': CMAKE_PREFIX_PATH=${CMAKE_PREFIX_PATH}:/opt/ros/jazzy /usr/bin/cmake --install /root/ros_workspace/build/turtlebot3_gazebo
[11.618s] -- Install configuration: ""
[11.619s] -- Installing: /root/ros_workspace/install/turtlebot3_gazebo/lib/turtlebot3_gazebo/turtlebot3_drive
[11.623s] -- Set non-toolchain portion of runtime path of "/root/ros_workspace/install/turtlebot3_gazebo/lib/turtlebot3_gazebo/turtlebot3_drive" to ""
[11.624s] -- Installing: /root/ros_workspace/install/turtlebot3_gazebo/lib/turtlebot3_gazebo/libobstacles.so
[11.624s] -- Set non-toolchain portion of runtime path of "/root/ros_workspace/install/turtlebot3_gazebo/lib/turtlebot3_gazebo/libobstacles.so" to ""
[11.625s] -- Installing: /root/ros_workspace/install/turtlebot3_gazebo/lib/turtlebot3_gazebo/libobstacle1.so
[11.625s] -- Set non-toolchain portion of runtime path of "/root/ros_workspace/install/turtlebot3_gazebo/lib/turtlebot3_gazebo/libobstacle1.so" to ""
[11.625s] -- Installing: /root/ros_workspace/install/turtlebot3_gazebo/lib/turtlebot3_gazebo/libobstacle2.so
[11.626s] -- Set non-toolchain portion of runtime path of "/root/ros_workspace/install/turtlebot3_gazebo/lib/turtlebot3_gazebo/libobstacle2.so" to ""
[11.626s] -- Installing: /root/ros_workspace/install/turtlebot3_gazebo/share/turtlebot3_gazebo//launch
[11.626s] -- Installing: /root/ros_workspace/install/turtlebot3_gazebo/share/turtlebot3_gazebo//launch/turtlebot3_dqn_stage1.launch.py
[11.626s] -- Installing: /root/ros_workspace/install/turtlebot3_gazebo/share/turtlebot3_gazebo//launch/spawn_turtlebot3.launch.py
[11.626s] -- Installing: /root/ros_workspace/install/turtlebot3_gazebo/share/turtlebot3_gazebo//launch/empty_world.launch.py
[11.627s] -- Installing: /root/ros_workspace/install/turtlebot3_gazebo/share/turtlebot3_gazebo//launch/turtlebot3_house.launch.py
[11.627s] -- Installing: /root/ros_workspace/install/turtlebot3_gazebo/share/turtlebot3_gazebo//launch/turtlebot3_dqn_stage3.launch.py
[11.627s] -- Installing: /root/ros_workspace/install/turtlebot3_gazebo/share/turtlebot3_gazebo//launch/robot_state_publisher.launch.py
[11.627s] -- Installing: /root/ros_workspace/install/turtlebot3_gazebo/share/turtlebot3_gazebo//launch/turtlebot3_dqn_stage4.launch.py
[11.627s] -- Installing: /root/ros_workspace/install/turtlebot3_gazebo/share/turtlebot3_gazebo//launch/turtlebot3_dqn_stage2.launch.py
[11.627s] -- Installing: /root/ros_workspace/install/turtlebot3_gazebo/share/turtlebot3_gazebo//launch/turtlebot3_world.launch.py
[11.627s] -- Installing: /root/ros_workspace/install/turtlebot3_gazebo/share/turtlebot3_gazebo//models
[11.627s] -- Installing: /root/ros_workspace/install/turtlebot3_gazebo/share/turtlebot3_gazebo//models/turtlebot3_burger
[11.627s] -- Installing: /root/ros_workspace/install/turtlebot3_gazebo/share/turtlebot3_gazebo//models/turtlebot3_burger/model.config
[11.628s] -- Installing: /root/ros_workspace/install/turtlebot3_gazebo/share/turtlebot3_gazebo//models/turtlebot3_burger/model.sdf
[11.628s] -- Installing: /root/ros_workspace/install/turtlebot3_gazebo/share/turtlebot3_gazebo//models/turtlebot3_burger/model-1_4.sdf
[11.629s] -- Installing: /root/ros_workspace/install/turtlebot3_gazebo/share/turtlebot3_gazebo//models/turtlebot3_house
[11.629s] -- Installing: /root/ros_workspace/install/turtlebot3_gazebo/share/turtlebot3_gazebo//models/turtlebot3_house/model.config
[11.629s] -- Installing: /root/ros_workspace/install/turtlebot3_gazebo/share/turtlebot3_gazebo//models/turtlebot3_house/first_2015_trash_can
[11.629s] -- Installing: /root/ros_workspace/install/turtlebot3_gazebo/share/turtlebot3_gazebo//models/turtlebot3_house/first_2015_trash_can/model.config
[11.630s] -- Installing: /root/ros_workspace/install/turtlebot3_gazebo/share/turtlebot3_gazebo//models/turtlebot3_house/first_2015_trash_can/meshes
[11.630s] -- Installing: /root/ros_workspace/install/turtlebot3_gazebo/share/turtlebot3_gazebo//models/turtlebot3_house/first_2015_trash_can/meshes/trash_can.dae
[11.632s] -- Installing: /root/ros_workspace/install/turtlebot3_gazebo/share/turtlebot3_gazebo//models/turtlebot3_house/first_2015_trash_can/model.sdf
[11.632s] -- Installing: /root/ros_workspace/install/turtlebot3_gazebo/share/turtlebot3_gazebo//models/turtlebot3_house/table_marble
[11.632s] -- Installing: /root/ros_workspace/install/turtlebot3_gazebo/share/turtlebot3_gazebo//models/turtlebot3_house/table_marble/model.config
[11.633s] -- Installing: /root/ros_workspace/install/turtlebot3_gazebo/share/turtlebot3_gazebo//models/turtlebot3_house/table_marble/meshes
[11.633s] -- Installing: /root/ros_workspace/install/turtlebot3_gazebo/share/turtlebot3_gazebo//models/turtlebot3_house/table_marble/meshes/table_lightmap.dae
[11.634s] -- Installing: /root/ros_workspace/install/turtlebot3_gazebo/share/turtlebot3_gazebo//models/turtlebot3_house/table_marble/model.sdf
[11.634s] -- Installing: /root/ros_workspace/install/turtlebot3_gazebo/share/turtlebot3_gazebo//models/turtlebot3_house/table_marble/materials
[11.634s] -- Installing: /root/ros_workspace/install/turtlebot3_gazebo/share/turtlebot3_gazebo//models/turtlebot3_house/table_marble/materials/textures
[11.635s] -- Installing: /root/ros_workspace/install/turtlebot3_gazebo/share/turtlebot3_gazebo//models/turtlebot3_house/table_marble/materials/textures/table_lightmap.png
[11.636s] -- Installing: /root/ros_workspace/install/turtlebot3_gazebo/share/turtlebot3_gazebo//models/turtlebot3_house/table_marble/materials/textures/marble.png
[11.637s] -- Installing: /root/ros_workspace/install/turtlebot3_gazebo/share/turtlebot3_gazebo//models/turtlebot3_house/table_marble/materials/scripts
[11.637s] -- Installing: /root/ros_workspace/install/turtlebot3_gazebo/share/turtlebot3_gazebo//models/turtlebot3_house/table_marble/materials/scripts/table_lightmap.material
[11.637s] -- Installing: /root/ros_workspace/install/turtlebot3_gazebo/share/turtlebot3_gazebo//models/turtlebot3_house/table_marble/model-1_4.sdf
[11.637s] -- Installing: /root/ros_workspace/install/turtlebot3_gazebo/share/turtlebot3_gazebo//models/turtlebot3_house/model.sdf
[11.638s] -- Installing: /root/ros_workspace/install/turtlebot3_gazebo/share/turtlebot3_gazebo//models/turtlebot3_house/textures
[11.638s] -- Installing: /root/ros_workspace/install/turtlebot3_gazebo/share/turtlebot3_gazebo//models/turtlebot3_house/textures/wood.png
[11.639s] -- Installing: /root/ros_workspace/install/turtlebot3_gazebo/share/turtlebot3_gazebo//models/turtlebot3_house/textures/bricks.png
[11.643s] -- Installing: /root/ros_workspace/install/turtlebot3_gazebo/share/turtlebot3_gazebo//models/turtlebot3_house/cafe_table
[11.643s] -- Installing: /root/ros_workspace/install/turtlebot3_gazebo/share/turtlebot3_gazebo//models/turtlebot3_house/cafe_table/model.config
[11.643s] -- Installing: /root/ros_workspace/install/turtlebot3_gazebo/share/turtlebot3_gazebo//models/turtlebot3_house/cafe_table/meshes
[11.643s] -- Installing: /root/ros_workspace/install/turtlebot3_gazebo/share/turtlebot3_gazebo//models/turtlebot3_house/cafe_table/meshes/cafe_table.dae
[11.644s] -- Installing: /root/ros_workspace/install/turtlebot3_gazebo/share/turtlebot3_gazebo//models/turtlebot3_house/cafe_table/model.sdf
[11.644s] -- Installing: /root/ros_workspace/install/turtlebot3_gazebo/share/turtlebot3_gazebo//models/turtlebot3_house/cafe_table/materials
[11.645s] -- Installing: /root/ros_workspace/install/turtlebot3_gazebo/share/turtlebot3_gazebo//models/turtlebot3_house/cafe_table/materials/textures
[11.645s] -- Installing: /root/ros_workspace/install/turtlebot3_gazebo/share/turtlebot3_gazebo//models/turtlebot3_house/cafe_table/materials/textures/Wood_Floor_Dark.jpg
[11.645s] -- Installing: /root/ros_workspace/install/turtlebot3_gazebo/share/turtlebot3_gazebo//models/turtlebot3_house/cafe_table/materials/textures/Maple.jpg
[11.646s] -- Installing: /root/ros_workspace/install/turtlebot3_gazebo/share/turtlebot3_gazebo//models/turtlebot3_house/cafe_table/model-1_4.sdf
[11.647s] -- Installing: /root/ros_workspace/install/turtlebot3_gazebo/share/turtlebot3_gazebo//models/turtlebot3_house/mailbox
[11.647s] -- Installing: /root/ros_workspace/install/turtlebot3_gazebo/share/turtlebot3_gazebo//models/turtlebot3_house/mailbox/model.config
[11.648s] -- Installing: /root/ros_workspace/install/turtlebot3_gazebo/share/turtlebot3_gazebo//models/turtlebot3_house/mailbox/meshes
[11.648s] -- Installing: /root/ros_workspace/install/turtlebot3_gazebo/share/turtlebot3_gazebo//models/turtlebot3_house/mailbox/meshes/mailbox.dae
[11.648s] -- Installing: /root/ros_workspace/install/turtlebot3_gazebo/share/turtlebot3_gazebo//models/turtlebot3_house/mailbox/model.sdf
[11.648s] -- Installing: /root/ros_workspace/install/turtlebot3_gazebo/share/turtlebot3_gazebo//models/turtlebot3_house/mailbox/materials
[11.649s] -- Installing: /root/ros_workspace/install/turtlebot3_gazebo/share/turtlebot3_gazebo//models/turtlebot3_house/mailbox/materials/textures
[11.649s] -- Installing: /root/ros_workspace/install/turtlebot3_gazebo/share/turtlebot3_gazebo//models/turtlebot3_house/mailbox/materials/textures/Mailbox_Spec.png
[11.650s] -- Installing: /root/ros_workspace/install/turtlebot3_gazebo/share/turtlebot3_gazebo//models/turtlebot3_house/mailbox/materials/textures/Mailbox_Diffuse.png
[11.651s] -- Installing: /root/ros_workspace/install/turtlebot3_gazebo/share/turtlebot3_gazebo//models/turtlebot3_house/mailbox/materials/textures/Mailbox_Diffuse.tga.orig
[11.653s] -- Installing: /root/ros_workspace/install/turtlebot3_gazebo/share/turtlebot3_gazebo//models/turtlebot3_house/mailbox/materials/scripts
[11.653s] -- Installing: /root/ros_workspace/install/turtlebot3_gazebo/share/turtlebot3_gazebo//models/turtlebot3_house/mailbox/materials/scripts/mailbox.material
[11.653s] -- Installing: /root/ros_workspace/install/turtlebot3_gazebo/share/turtlebot3_gazebo//models/turtlebot3_house/mailbox/model-1_4.sdf
[11.653s] -- Installing: /root/ros_workspace/install/turtlebot3_gazebo/share/turtlebot3_gazebo//models/turtlebot3_house/mailbox/model-1_3.sdf
[11.654s] -- Installing: /root/ros_workspace/install/turtlebot3_gazebo/share/turtlebot3_gazebo//models/turtlebot3_world
[11.654s] -- Installing: /root/ros_workspace/install/turtlebot3_gazebo/share/turtlebot3_gazebo//models/turtlebot3_world/model.config
[11.654s] -- Installing: /root/ros_workspace/install/turtlebot3_gazebo/share/turtlebot3_gazebo//models/turtlebot3_world/meshes
[11.654s] -- Installing: /root/ros_workspace/install/turtlebot3_gazebo/share/turtlebot3_gazebo//models/turtlebot3_world/meshes/wall.dae
[11.655s] -- Installing: /root/ros_workspace/install/turtlebot3_gazebo/share/turtlebot3_gazebo//models/turtlebot3_world/meshes/hexagon.dae
[11.655s] -- Installing: /root/ros_workspace/install/turtlebot3_gazebo/share/turtlebot3_gazebo//models/turtlebot3_world/model.sdf
[11.655s] -- Installing: /root/ros_workspace/install/turtlebot3_gazebo/share/turtlebot3_gazebo//models/turtlebot3_world/model-1_4.sdf
[11.656s] -- Installing: /root/ros_workspace/install/turtlebot3_gazebo/share/turtlebot3_gazebo//models/turtlebot3_waffle
[11.656s] -- Installing: /root/ros_workspace/install/turtlebot3_gazebo/share/turtlebot3_gazebo//models/turtlebot3_waffle/model.config
[11.656s] -- Installing: /root/ros_workspace/install/turtlebot3_gazebo/share/turtlebot3_gazebo//models/turtlebot3_waffle/model.sdf
[11.656s] -- Installing: /root/ros_workspace/install/turtlebot3_gazebo/share/turtlebot3_gazebo//models/turtlebot3_waffle/model-1_4.sdf
[11.657s] -- Installing: /root/ros_workspace/install/turtlebot3_gazebo/share/turtlebot3_gazebo//models/turtlebot3_common
[11.657s] -- Installing: /root/ros_workspace/install/turtlebot3_gazebo/share/turtlebot3_gazebo//models/turtlebot3_common/model.config
[11.657s] -- Installing: /root/ros_workspace/install/turtlebot3_gazebo/share/turtlebot3_gazebo//models/turtlebot3_common/meshes
[11.657s] -- Installing: /root/ros_workspace/install/turtlebot3_gazebo/share/turtlebot3_gazebo//models/turtlebot3_common/meshes/sensors
[11.657s] -- Installing: /root/ros_workspace/install/turtlebot3_gazebo/share/turtlebot3_gazebo//models/turtlebot3_common/meshes/sensors/lds.stl
[11.659s] -- Installing: /root/ros_workspace/install/turtlebot3_gazebo/share/turtlebot3_gazebo//models/turtlebot3_common/meshes/sensors/r200.jpg
[11.659s] -- Installing: /root/ros_workspace/install/turtlebot3_gazebo/share/turtlebot3_gazebo//models/turtlebot3_common/meshes/sensors/astra.dae
[11.673s] -- Installing: /root/ros_workspace/install/turtlebot3_gazebo/share/turtlebot3_gazebo//models/turtlebot3_common/meshes/sensors/astra.jpg
[11.674s] -- Installing: /root/ros_workspace/install/turtlebot3_gazebo/share/turtlebot3_gazebo//models/turtlebot3_common/meshes/sensors/r200.dae
[11.675s] -- Installing: /root/ros_workspace/install/turtlebot3_gazebo/share/turtlebot3_gazebo//models/turtlebot3_common/meshes/waffle_base.dae
[11.676s] -- Installing: /root/ros_workspace/install/turtlebot3_gazebo/share/turtlebot3_gazebo//models/turtlebot3_common/meshes/burger_base.dae
[11.676s] -- Installing: /root/ros_workspace/install/turtlebot3_gazebo/share/turtlebot3_gazebo//models/turtlebot3_common/meshes/tire.dae
[11.676s] -- Installing: /root/ros_workspace/install/turtlebot3_gazebo/share/turtlebot3_gazebo//models/turtlebot3_common/meshes/wheels
[11.677s] -- Installing: /root/ros_workspace/install/turtlebot3_gazebo/share/turtlebot3_gazebo//models/turtlebot3_common/meshes/wheels/right_tire.stl
[11.680s] -- Installing: /root/ros_workspace/install/turtlebot3_gazebo/share/turtlebot3_gazebo//models/turtlebot3_common/meshes/wheels/left_tire.stl
[11.682s] -- Installing: /root/ros_workspace/install/turtlebot3_gazebo/share/turtlebot3_gazebo//models/turtlebot3_common/meshes/waffle_pi_base.dae
[11.683s] -- Installing: /root/ros_workspace/install/turtlebot3_gazebo/share/turtlebot3_gazebo//models/turtlebot3_common/meshes/bases
[11.683s] -- Installing: /root/ros_workspace/install/turtlebot3_gazebo/share/turtlebot3_gazebo//models/turtlebot3_common/meshes/bases/burger_base.stl
[11.693s] -- Installing: /root/ros_workspace/install/turtlebot3_gazebo/share/turtlebot3_gazebo//models/turtlebot3_common/meshes/bases/waffle_base.stl
[11.718s] -- Installing: /root/ros_workspace/install/turtlebot3_gazebo/share/turtlebot3_gazebo//models/turtlebot3_common/meshes/bases/waffle_pi_base.stl
[11.731s] -- Installing: /root/ros_workspace/install/turtlebot3_gazebo/share/turtlebot3_gazebo//models/turtlebot3_common/meshes/lds.dae
[11.732s] -- Installing: /root/ros_workspace/install/turtlebot3_gazebo/share/turtlebot3_gazebo//models/turtlebot3_common/meshes/r200.dae
[11.733s] -- Installing: /root/ros_workspace/install/turtlebot3_gazebo/share/turtlebot3_gazebo//models/turtlebot3_waffle_pi
[11.733s] -- Installing: /root/ros_workspace/install/turtlebot3_gazebo/share/turtlebot3_gazebo//models/turtlebot3_waffle_pi/model.config
[11.733s] -- Installing: /root/ros_workspace/install/turtlebot3_gazebo/share/turtlebot3_gazebo//models/turtlebot3_waffle_pi/model.sdf
[11.734s] -- Installing: /root/ros_workspace/install/turtlebot3_gazebo/share/turtlebot3_gazebo//models/turtlebot3_waffle_pi/model-1_4_.sdf
[11.734s] -- Installing: /root/ros_workspace/install/turtlebot3_gazebo/share/turtlebot3_gazebo//models/turtlebot3_burger_cam
[11.734s] -- Installing: /root/ros_workspace/install/turtlebot3_gazebo/share/turtlebot3_gazebo//models/turtlebot3_burger_cam/model.config
[11.735s] -- Installing: /root/ros_workspace/install/turtlebot3_gazebo/share/turtlebot3_gazebo//models/turtlebot3_burger_cam/model.sdf
[11.735s] -- Installing: /root/ros_workspace/install/turtlebot3_gazebo/share/turtlebot3_gazebo//models/turtlebot3_burger_cam/model-1_4.sdf
[11.735s] -- Installing: /root/ros_workspace/install/turtlebot3_gazebo/share/turtlebot3_gazebo//models/turtlebot3_dqn_world
[11.736s] -- Installing: /root/ros_workspace/install/turtlebot3_gazebo/share/turtlebot3_gazebo//models/turtlebot3_dqn_world/model.config
[11.736s] -- Installing: /root/ros_workspace/install/turtlebot3_gazebo/share/turtlebot3_gazebo//models/turtlebot3_dqn_world/obstacle1
[11.736s] -- Installing: /root/ros_workspace/install/turtlebot3_gazebo/share/turtlebot3_gazebo//models/turtlebot3_dqn_world/obstacle1/model.config
[11.736s] -- Installing: /root/ros_workspace/install/turtlebot3_gazebo/share/turtlebot3_gazebo//models/turtlebot3_dqn_world/obstacle1/model.sdf
[11.737s] -- Installing: /root/ros_workspace/install/turtlebot3_gazebo/share/turtlebot3_gazebo//models/turtlebot3_dqn_world/inner_walls
[11.737s] -- Installing: /root/ros_workspace/install/turtlebot3_gazebo/share/turtlebot3_gazebo//models/turtlebot3_dqn_world/inner_walls/model.config
[11.737s] -- Installing: /root/ros_workspace/install/turtlebot3_gazebo/share/turtlebot3_gazebo//models/turtlebot3_dqn_world/inner_walls/model.sdf
[11.737s] -- Installing: /root/ros_workspace/install/turtlebot3_gazebo/share/turtlebot3_gazebo//models/turtlebot3_dqn_world/inner_walls/textures
[11.737s] -- Installing: /root/ros_workspace/install/turtlebot3_gazebo/share/turtlebot3_gazebo//models/turtlebot3_dqn_world/inner_walls/textures/wood.png
[11.738s] -- Installing: /root/ros_workspace/install/turtlebot3_gazebo/share/turtlebot3_gazebo//models/turtlebot3_dqn_world/goal_box
[11.738s] -- Installing: /root/ros_workspace/install/turtlebot3_gazebo/share/turtlebot3_gazebo//models/turtlebot3_dqn_world/goal_box/model.config
[11.739s] -- Installing: /root/ros_workspace/install/turtlebot3_gazebo/share/turtlebot3_gazebo//models/turtlebot3_dqn_world/goal_box/model.sdf
[11.739s] -- Installing: /root/ros_workspace/install/turtlebot3_gazebo/share/turtlebot3_gazebo//models/turtlebot3_dqn_world/model.sdf
[11.739s] -- Installing: /root/ros_workspace/install/turtlebot3_gazebo/share/turtlebot3_gazebo//models/turtlebot3_dqn_world/textures
[11.739s] -- Installing: /root/ros_workspace/install/turtlebot3_gazebo/share/turtlebot3_gazebo//models/turtlebot3_dqn_world/textures/wood.png
[11.740s] -- Installing: /root/ros_workspace/install/turtlebot3_gazebo/share/turtlebot3_gazebo//models/turtlebot3_dqn_world/obstacle2
[11.740s] -- Installing: /root/ros_workspace/install/turtlebot3_gazebo/share/turtlebot3_gazebo//models/turtlebot3_dqn_world/obstacle2/model.config
[11.741s] -- Installing: /root/ros_workspace/install/turtlebot3_gazebo/share/turtlebot3_gazebo//models/turtlebot3_dqn_world/obstacle2/model.sdf
[11.741s] -- Installing: /root/ros_workspace/install/turtlebot3_gazebo/share/turtlebot3_gazebo//models/turtlebot3_dqn_world/obstacles
[11.741s] -- Installing: /root/ros_workspace/install/turtlebot3_gazebo/share/turtlebot3_gazebo//models/turtlebot3_dqn_world/obstacles/model.config
[11.741s] -- Installing: /root/ros_workspace/install/turtlebot3_gazebo/share/turtlebot3_gazebo//models/turtlebot3_dqn_world/obstacles/model.sdf
[11.742s] -- Installing: /root/ros_workspace/install/turtlebot3_gazebo/share/turtlebot3_gazebo//params
[11.742s] -- Installing: /root/ros_workspace/install/turtlebot3_gazebo/share/turtlebot3_gazebo//params/turtlebot3_waffle_bridge.yaml
[11.742s] -- Installing: /root/ros_workspace/install/turtlebot3_gazebo/share/turtlebot3_gazebo//params/turtlebot3_burger_cam_bridge.yaml
[11.742s] -- Installing: /root/ros_workspace/install/turtlebot3_gazebo/share/turtlebot3_gazebo//params/turtlebot3_waffle_pi_bridge.yaml
[11.742s] -- Installing: /root/ros_workspace/install/turtlebot3_gazebo/share/turtlebot3_gazebo//params/turtlebot3_burger_bridge.yaml
[11.742s] -- Installing: /root/ros_workspace/install/turtlebot3_gazebo/share/turtlebot3_gazebo//rviz
[11.742s] -- Installing: /root/ros_workspace/install/turtlebot3_gazebo/share/turtlebot3_gazebo//rviz/tb3_gazebo.rviz
[11.742s] -- Installing: /root/ros_workspace/install/turtlebot3_gazebo/share/turtlebot3_gazebo//urdf
[11.742s] -- Installing: /root/ros_workspace/install/turtlebot3_gazebo/share/turtlebot3_gazebo//urdf/common_properties.urdf
[11.742s] -- Installing: /root/ros_workspace/install/turtlebot3_gazebo/share/turtlebot3_gazebo//urdf/turtlebot3_burger.urdf
[11.743s] -- Installing: /root/ros_workspace/install/turtlebot3_gazebo/share/turtlebot3_gazebo//urdf/turtlebot3_waffle_pi.urdf
[11.743s] -- Installing: /root/ros_workspace/install/turtlebot3_gazebo/share/turtlebot3_gazebo//urdf/turtlebot3_burger_cam.urdf
[11.743s] -- Installing: /root/ros_workspace/install/turtlebot3_gazebo/share/turtlebot3_gazebo//urdf/turtlebot3_waffle.urdf
[11.743s] -- Installing: /root/ros_workspace/install/turtlebot3_gazebo/share/turtlebot3_gazebo//worlds
[11.743s] -- Installing: /root/ros_workspace/install/turtlebot3_gazebo/share/turtlebot3_gazebo//worlds/turtlebot3_dqn_stage3.world
[11.743s] -- Installing: /root/ros_workspace/install/turtlebot3_gazebo/share/turtlebot3_gazebo//worlds/turtlebot3_dynamic_obstacles.world
[11.744s] -- Installing: /root/ros_workspace/install/turtlebot3_gazebo/share/turtlebot3_gazebo//worlds/empty_world.world
[11.744s] -- Installing: /root/ros_workspace/install/turtlebot3_gazebo/share/turtlebot3_gazebo//worlds/turtlebot3_world.world
[11.744s] -- Installing: /root/ros_workspace/install/turtlebot3_gazebo/share/turtlebot3_gazebo//worlds/turtlebot3_autorace_2020.world
[11.745s] -- Installing: /root/ros_workspace/install/turtlebot3_gazebo/share/turtlebot3_gazebo//worlds/turtlebot3_dqn_stage4.world
[11.745s] -- Installing: /root/ros_workspace/install/turtlebot3_gazebo/share/turtlebot3_gazebo//worlds/turtlebot3_dqn_stage2.world
[11.745s] -- Installing: /root/ros_workspace/install/turtlebot3_gazebo/share/turtlebot3_gazebo//worlds/turtlebot3_house.world
[11.746s] -- Installing: /root/ros_workspace/install/turtlebot3_gazebo/share/turtlebot3_gazebo//worlds/turtlebot3_dqn_stage1.world
[11.746s] -- Installing: /root/ros_workspace/install/turtlebot3_gazebo/include/
[11.746s] -- Installing: /root/ros_workspace/install/turtlebot3_gazebo/include//turtlebot3_gazebo
[11.747s] -- Installing: /root/ros_workspace/install/turtlebot3_gazebo/include//turtlebot3_gazebo/obstacles.hpp
[11.747s] -- Installing: /root/ros_workspace/install/turtlebot3_gazebo/include//turtlebot3_gazebo/turtlebot3_drive.hpp
[11.747s] -- Installing: /root/ros_workspace/install/turtlebot3_gazebo/include//turtlebot3_gazebo/obstacle1.hpp
[11.747s] -- Installing: /root/ros_workspace/install/turtlebot3_gazebo/include//turtlebot3_gazebo/traffic_light_plugin.hpp
[11.747s] -- Installing: /root/ros_workspace/install/turtlebot3_gazebo/include//turtlebot3_gazebo/obstacle2.hpp
[11.747s] -- Installing: /root/ros_workspace/install/turtlebot3_gazebo/include//turtlebot3_gazebo/traffic_bar_plugin.hpp
[11.747s] -- Installing: /root/ros_workspace/install/turtlebot3_gazebo/share/ament_index/resource_index/package_run_dependencies/turtlebot3_gazebo
[11.747s] -- Installing: /root/ros_workspace/install/turtlebot3_gazebo/share/ament_index/resource_index/parent_prefix_path/turtlebot3_gazebo
[11.748s] -- Installing: /root/ros_workspace/install/turtlebot3_gazebo/share/turtlebot3_gazebo/environment/ament_prefix_path.sh
[11.748s] -- Installing: /root/ros_workspace/install/turtlebot3_gazebo/share/turtlebot3_gazebo/environment/ament_prefix_path.dsv
[11.748s] -- Installing: /root/ros_workspace/install/turtlebot3_gazebo/share/turtlebot3_gazebo/environment/path.sh
[11.748s] -- Installing: /root/ros_workspace/install/turtlebot3_gazebo/share/turtlebot3_gazebo/environment/path.dsv
[11.748s] -- Installing: /root/ros_workspace/install/turtlebot3_gazebo/share/turtlebot3_gazebo/local_setup.bash
[11.749s] -- Installing: /root/ros_workspace/install/turtlebot3_gazebo/share/turtlebot3_gazebo/local_setup.sh
[11.749s] -- Installing: /root/ros_workspace/install/turtlebot3_gazebo/share/turtlebot3_gazebo/local_setup.zsh
[11.749s] -- Installing: /root/ros_workspace/install/turtlebot3_gazebo/share/turtlebot3_gazebo/local_setup.dsv
[11.749s] -- Installing: /root/ros_workspace/install/turtlebot3_gazebo/share/turtlebot3_gazebo/package.dsv
[11.749s] -- Installing: /root/ros_workspace/install/turtlebot3_gazebo/share/ament_index/resource_index/packages/turtlebot3_gazebo
[11.750s] -- Installing: /root/ros_workspace/install/turtlebot3_gazebo/share/turtlebot3_gazebo/cmake/ament_cmake_export_include_directories-extras.cmake
[11.750s] -- Installing: /root/ros_workspace/install/turtlebot3_gazebo/share/turtlebot3_gazebo/cmake/ament_cmake_export_dependencies-extras.cmake
[11.750s] -- Installing: /root/ros_workspace/install/turtlebot3_gazebo/share/turtlebot3_gazebo/cmake/turtlebot3_gazeboConfig.cmake
[11.750s] -- Installing: /root/ros_workspace/install/turtlebot3_gazebo/share/turtlebot3_gazebo/cmake/turtlebot3_gazeboConfig-version.cmake
[11.750s] -- Installing: /root/ros_workspace/install/turtlebot3_gazebo/share/turtlebot3_gazebo/package.xml
[11.752s] Invoked command in '/root/ros_workspace/build/turtlebot3_gazebo' returned '0': CMAKE_PREFIX_PATH=${CMAKE_PREFIX_PATH}:/opt/ros/jazzy /usr/bin/cmake --install /root/ros_workspace/build/turtlebot3_gazebo
