[0.607s] Invoking command in '/root/ros_workspace/src/merging_pkg': PYTHONPATH=/root/ros_workspace/build/merging_pkg/prefix_override:/usr/lib/python3/dist-packages/colcon_core/task/python/colcon_distutils_commands:/root/ros_workspace/install/merging_pkg/lib/python3.12/site-packages:${PYTHONPATH} /usr/bin/python3 -W ignore:setup.py install is deprecated -W ignore:easy_install command is deprecated setup.py egg_info --egg-base ../../build/merging_pkg build --build-base /root/ros_workspace/build/merging_pkg/build install --record /root/ros_workspace/build/merging_pkg/install.log --single-version-externally-managed install_data
[0.749s] running egg_info
[0.749s] creating ../../build/merging_pkg/merging_pkg.egg-info
[0.757s] writing ../../build/merging_pkg/merging_pkg.egg-info/PKG-INFO
[0.757s] writing dependency_links to ../../build/merging_pkg/merging_pkg.egg-info/dependency_links.txt
[0.757s] writing entry points to ../../build/merging_pkg/merging_pkg.egg-info/entry_points.txt
[0.758s] writing requirements to ../../build/merging_pkg/merging_pkg.egg-info/requires.txt
[0.758s] writing top-level names to ../../build/merging_pkg/merging_pkg.egg-info/top_level.txt
[0.758s] writing manifest file '../../build/merging_pkg/merging_pkg.egg-info/SOURCES.txt'
[0.776s] reading manifest file '../../build/merging_pkg/merging_pkg.egg-info/SOURCES.txt'
[0.776s] writing manifest file '../../build/merging_pkg/merging_pkg.egg-info/SOURCES.txt'
[0.777s] running build
[0.777s] running build_py
[0.777s] creating /root/ros_workspace/build/merging_pkg/build
[0.777s] creating /root/ros_workspace/build/merging_pkg/build/lib
[0.777s] creating /root/ros_workspace/build/merging_pkg/build/lib/merging_pkg
[0.777s] copying merging_pkg/robust_map_merger.py -> /root/ros_workspace/build/merging_pkg/build/lib/merging_pkg
[0.778s] copying merging_pkg/__init__.py -> /root/ros_workspace/build/merging_pkg/build/lib/merging_pkg
[0.778s] copying merging_pkg/robot_laser_filter.py -> /root/ros_workspace/build/merging_pkg/build/lib/merging_pkg
[0.778s] running install
[0.781s] running install_lib
[0.790s] creating /root/ros_workspace/install/merging_pkg/lib/python3.12/site-packages/merging_pkg
[0.790s] copying /root/ros_workspace/build/merging_pkg/build/lib/merging_pkg/robust_map_merger.py -> /root/ros_workspace/install/merging_pkg/lib/python3.12/site-packages/merging_pkg
[0.791s] copying /root/ros_workspace/build/merging_pkg/build/lib/merging_pkg/__init__.py -> /root/ros_workspace/install/merging_pkg/lib/python3.12/site-packages/merging_pkg
[0.791s] copying /root/ros_workspace/build/merging_pkg/build/lib/merging_pkg/robot_laser_filter.py -> /root/ros_workspace/install/merging_pkg/lib/python3.12/site-packages/merging_pkg
[0.791s] byte-compiling /root/ros_workspace/install/merging_pkg/lib/python3.12/site-packages/merging_pkg/robust_map_merger.py to robust_map_merger.cpython-312.pyc
[0.794s] byte-compiling /root/ros_workspace/install/merging_pkg/lib/python3.12/site-packages/merging_pkg/__init__.py to __init__.cpython-312.pyc
[0.795s] byte-compiling /root/ros_workspace/install/merging_pkg/lib/python3.12/site-packages/merging_pkg/robot_laser_filter.py to robot_laser_filter.cpython-312.pyc
[0.797s] running install_data
[0.798s] creating /root/ros_workspace/install/merging_pkg/share/ament_index
[0.798s] creating /root/ros_workspace/install/merging_pkg/share/ament_index/resource_index
[0.798s] creating /root/ros_workspace/install/merging_pkg/share/ament_index/resource_index/packages
[0.798s] copying resource/merging_pkg -> /root/ros_workspace/install/merging_pkg/share/ament_index/resource_index/packages
[0.798s] copying package.xml -> /root/ros_workspace/install/merging_pkg/share/merging_pkg
[0.798s] creating /root/ros_workspace/install/merging_pkg/share/merging_pkg/launch
[0.798s] copying launch/laser_filters.launch.py -> /root/ros_workspace/install/merging_pkg/share/merging_pkg/launch
[0.798s] copying launch/map_merging.launch.py -> /root/ros_workspace/install/merging_pkg/share/merging_pkg/launch
[0.798s] running install_egg_info
[0.809s] Copying ../../build/merging_pkg/merging_pkg.egg-info to /root/ros_workspace/install/merging_pkg/lib/python3.12/site-packages/merging_pkg-0.0.0-py3.12.egg-info
[0.810s] running install_scripts
[0.878s] Installing merger_node script to /root/ros_workspace/install/merging_pkg/lib/merging_pkg
[0.878s] Installing robot_laser_filter script to /root/ros_workspace/install/merging_pkg/lib/merging_pkg
[0.879s] writing list of installed files to '/root/ros_workspace/build/merging_pkg/install.log'
[0.905s] Invoked command in '/root/ros_workspace/src/merging_pkg' returned '0': PYTHONPATH=/root/ros_workspace/build/merging_pkg/prefix_override:/usr/lib/python3/dist-packages/colcon_core/task/python/colcon_distutils_commands:/root/ros_workspace/install/merging_pkg/lib/python3.12/site-packages:${PYTHONPATH} /usr/bin/python3 -W ignore:setup.py install is deprecated -W ignore:easy_install command is deprecated setup.py egg_info --egg-base ../../build/merging_pkg build --build-base /root/ros_workspace/build/merging_pkg/build install --record /root/ros_workspace/build/merging_pkg/install.log --single-version-externally-managed install_data
