[0.268s] Invoking command in '/root/ros_workspace/build/turtlebot3_gazebo': CMAKE_PREFIX_PATH=${CMAKE_PREFIX_PATH}:/root/ros_workspace/install/slam_multi_robot:/root/ros_workspace/install/obstacle_fusion:/root/ros_workspace/install/multi_robot_bringup:/root/ros_workspace/install/merging_pkg:/root/ros_workspace/install/dynamic_obstacle_detector:/opt/ros/jazzy /usr/bin/cmake /root/ros_workspace/src/turtlebot3_gazebo -DCMAKE_INSTALL_PREFIX=/root/ros_workspace/install/turtlebot3_gazebo
[0.310s] -- The C compiler identification is GNU 13.3.0
[0.351s] -- The CXX compiler identification is GNU 13.3.0
[0.363s] -- Detecting C compiler ABI info
[0.430s] -- Detecting C compiler ABI info - done
[0.436s] -- Check for working C compiler: /usr/bin/cc - skipped
[0.436s] -- Detecting C compile features
[0.436s] -- Detecting C compile features - done
[0.443s] -- Detecting CXX compiler ABI info
[0.518s] -- Detecting CXX compiler ABI info - done
[0.524s] -- Check for working CXX compiler: /usr/bin/c++ - skipped
[0.524s] -- Detecting CXX compile features
[0.525s] -- Detecting CXX compile features - done
[0.528s] -- Found ament_cmake: 2.5.4 (/opt/ros/jazzy/share/ament_cmake/cmake)
[0.655s] -- Found Python3: /usr/bin/python3 (found version "3.12.3") found components: Interpreter 
[0.746s] -- Found ros_gz_sim: 1.0.16 (/opt/ros/jazzy/share/ros_gz_sim/cmake)
[0.791s] -- Found rosidl_generator_c: 4.6.6 (/opt/ros/jazzy/share/rosidl_generator_c/cmake)
[0.807s] -- Found rosidl_generator_cpp: 4.6.6 (/opt/ros/jazzy/share/rosidl_generator_cpp/cmake)
[0.823s] -- Using all available rosidl_typesupport_c: rosidl_typesupport_fastrtps_c;rosidl_typesupport_introspection_c
[0.840s] -- Using all available rosidl_typesupport_cpp: rosidl_typesupport_fastrtps_cpp;rosidl_typesupport_introspection_cpp
[0.913s] -- Found rmw_implementation_cmake: 7.3.2 (/opt/ros/jazzy/share/rmw_implementation_cmake/cmake)
[0.917s] -- Found rmw_fastrtps_cpp: 8.4.3 (/opt/ros/jazzy/share/rmw_fastrtps_cpp/cmake)
[0.993s] -- Found OpenSSL: /usr/lib/x86_64-linux-gnu/libcrypto.so (found version "3.0.13")  
[1.009s] -- Found FastRTPS: /opt/ros/jazzy/include (Required is at least version "2.13") 
[1.026s] -- Using RMW implementation 'rmw_fastrtps_cpp' as default
[1.236s] -- Found nav_msgs: 5.3.6 (/opt/ros/jazzy/share/nav_msgs/cmake)
[1.257s] -- Found sensor_msgs: 5.3.6 (/opt/ros/jazzy/share/sensor_msgs/cmake)
[1.275s] -- Found gz_math_vendor: 0.0.8 (/opt/ros/jazzy/share/gz_math_vendor/cmake)
[1.284s] -- Looking for gz-math7 -- found version 7.5.2
[1.288s] -- Searching for dependencies of gz-math7
[1.290s] -- Looking for gz-utils2 -- found version 2.2.1
[1.290s] -- Searching for dependencies of gz-utils2
[1.293s] -- Found gz_sim_vendor: 0.0.8 (/opt/ros/jazzy/share/gz_sim_vendor/cmake)
[1.346s] -- Looking for gz-sim8 -- found version 8.9.0
[1.347s] -- Searching for dependencies of gz-sim8
[1.348s] -- Looking for sdformat14 -- found version 14.8.0
[1.348s] -- Searching for dependencies of sdformat14
[1.352s] -- Checking for module 'tinyxml2'
[1.365s] --   Found tinyxml2, version 10.0.0
[1.390s] -- Looking for gz-math7 -- found version 7.5.2
[1.390s] -- Looking for gz-utils2 -- found version 2.2.1
[1.390s] -- Searching for dependencies of gz-utils2
[1.390s] -- Searching for <gz-utils2> component [cli]
[1.392s] -- Looking for gz-utils2-cli -- found version 2.2.1
[1.392s] -- Searching for dependencies of gz-utils2-cli
[1.395s] -- Looking for gz-plugin2 -- found version 2.0.4
[1.395s] -- Searching for dependencies of gz-plugin2
[1.396s] -- Looking for gz-utils2 -- found version 2.2.1
[1.396s] -- Searching for <gz-plugin2> component [loader]
[1.398s] -- Looking for gz-plugin2-loader -- found version 2.0.4
[1.398s] -- Searching for dependencies of gz-plugin2-loader
[1.398s] -- Searching for <gz-plugin2> component [register]
[1.400s] -- Looking for gz-plugin2-register -- found version 2.0.4
[1.400s] -- Searching for dependencies of gz-plugin2-register
[1.402s] -- Looking for gz-transport13 -- found version 13.4.1
[1.402s] -- Searching for dependencies of gz-transport13
[1.506s] -- Found Protobuf: /usr/lib/x86_64-linux-gnu/libprotobuf.so (found version "3.21.12") 
[1.518s] -- Config-file not installed for ZeroMQ -- checking for pkg-config
[1.522s] -- Checking for module 'libzmq >= 4'
[1.535s] --   Found libzmq, version 4.3.5
[1.570s] -- Found ZeroMQ: TRUE (Required is at least version "4") 
[1.575s] -- Checking for module 'uuid'
[1.589s] --   Found uuid, version 2.39.3
[1.619s] -- Found UUID: TRUE  
[1.619s] -- Looking for gz-utils2 -- found version 2.2.1
[1.621s] -- Looking for gz-msgs10 -- found version 10.3.2
[1.621s] -- Searching for dependencies of gz-msgs10
[1.638s] -- Looking for gz-utils2 -- found version 2.2.1
[1.638s] -- Looking for gz-math7 -- found version 7.5.2
[1.644s] -- Searching for <gz-transport13> component [log]
[1.646s] -- Looking for gz-transport13-log -- found version 13.4.1
[1.646s] -- Searching for dependencies of gz-transport13-log
[1.646s] -- Searching for <gz-transport13> component [parameters]
[1.648s] -- Looking for gz-transport13-parameters -- found version 13.4.1
[1.648s] -- Searching for dependencies of gz-transport13-parameters
[1.649s] -- Looking for gz-msgs10 -- found version 10.3.2
[1.651s] -- Looking for gz-common5 -- found version 5.7.1
[1.651s] -- Searching for dependencies of gz-common5
[1.651s] -- Looking for gz-utils2 -- found version 2.2.1
[1.652s] -- Looking for dlfcn.h - found
[1.652s] -- Looking for libdl - found
[1.654s] -- Found DL: TRUE  
[1.660s] -- Searching for <gz-common5> component [av]
[1.662s] -- Looking for gz-common5-av -- found version 5.7.1
[1.662s] -- Searching for dependencies of gz-common5-av
[1.666s] -- Checking for module 'libswscale'
[1.680s] --   Found libswscale, version 7.5.100
[1.711s] -- Found SWSCALE: TRUE  
[1.715s] -- Checking for module 'libavdevice >= 56.4.100'
[1.729s] --   Found libavdevice, version 60.3.100
[1.765s] -- Found AVDEVICE: TRUE (Required is at least version "56.4.100") 
[1.769s] -- Checking for module 'libavformat'
[1.784s] --   Found libavformat, version 60.16.100
[1.823s] -- Found AVFORMAT: TRUE  
[1.828s] -- Checking for module 'libavcodec'
[1.841s] --   Found libavcodec, version 60.31.102
[1.869s] -- Found AVCODEC: TRUE  
[1.874s] -- Checking for module 'libavutil'
[1.886s] --   Found libavutil, version 58.29.100
[1.913s] -- Found AVUTIL: TRUE  
[1.913s] -- Searching for <gz-common5> component [events]
[1.915s] -- Looking for gz-common5-events -- found version 5.7.1
[1.916s] -- Searching for dependencies of gz-common5-events
[1.916s] -- Looking for gz-math7 -- found version 7.5.2
[1.916s] -- Searching for <gz-common5> component [graphics]
[1.918s] -- Looking for gz-common5-graphics -- found version 5.7.1
[1.918s] -- Searching for dependencies of gz-common5-graphics
[1.918s] -- Looking for gz-math7 -- found version 7.5.2
[1.923s] -- Found GzAssimp: TRUE (found version "5.3.0") 
[1.924s] -- Searching for <gz-common5> component [io]
[1.925s] -- Looking for gz-common5-io -- found version 5.7.1
[1.926s] -- Searching for dependencies of gz-common5-io
[1.926s] -- Searching for <gz-common5> component [profiler]
[1.928s] -- Looking for gz-common5-profiler -- found version 5.7.1
[1.928s] -- Searching for dependencies of gz-common5-profiler
[1.930s] -- Looking for gz-fuel_tools9 -- found version 9.1.1
[1.930s] -- Searching for dependencies of gz-fuel_tools9
[1.992s] -- Found CURL: /usr/lib/x86_64-linux-gnu/libcurl.so (found version "8.5.0")  
[2.001s] -- Checking for module 'jsoncpp'
[2.014s] --   Found jsoncpp, version 1.9.5
[2.038s] -- Found JSONCPP: TRUE  
[2.053s] -- Checking for module 'yaml-0.1'
[2.064s] --   Found yaml-0.1, version 0.2.5
[2.088s] -- Found YAML: TRUE  
[2.092s] -- Checking for module 'libzip'
[2.105s] --   Found libzip, version 1.7.3
[2.129s] -- Found ZIP: TRUE  
[2.129s] -- Looking for gz-utils2 -- found version 2.2.1
[2.129s] -- Looking for gz-common5 -- found version 5.7.1
[2.129s] -- Searching for dependencies of gz-common5
[2.130s] -- Looking for gz-utils2 -- found version 2.2.1
[2.130s] -- Looking for dlfcn.h - found
[2.130s] -- Looking for libdl - found
[2.135s] -- Searching for <gz-common5> component [testing]
[2.137s] -- Looking for gz-common5-testing -- found version 5.7.1
[2.138s] -- Searching for dependencies of gz-common5-testing
[2.138s] -- Looking for gz-math7 -- found version 7.5.2
[2.139s] -- Looking for gz-msgs10 -- found version 10.3.2
[2.141s] -- Looking for gz-gui8 -- found version 8.4.0
[2.141s] -- Searching for dependencies of gz-gui8
[2.161s] -- Looking for gz-utils2 -- found version 2.2.1
[2.161s] -- Looking for gz-math7 -- found version 7.5.2
[2.162s] -- Looking for gz-common5 -- found version 5.7.1
[2.162s] -- Looking for gz-plugin2 -- found version 2.0.4
[2.162s] -- Looking for gz-transport13 -- found version 13.4.1
[2.164s] -- Looking for gz-rendering8 -- found version 8.2.2
[2.164s] -- Searching for dependencies of gz-rendering8
[2.164s] -- Looking for gz-math7 -- found version 7.5.2
[2.164s] -- Searching for dependencies of gz-math7
[2.165s] -- Looking for gz-utils2 -- found version 2.2.1
[2.165s] -- Searching for <gz-math7> component [eigen3]
[2.167s] -- Looking for gz-math7-eigen3 -- found version 7.5.2
[2.167s] -- Searching for dependencies of gz-math7-eigen3
[2.175s] -- Looking for gz-common5 -- found version 5.7.1
[2.175s] -- Searching for dependencies of gz-common5
[2.175s] -- Looking for gz-utils2 -- found version 2.2.1
[2.175s] -- Looking for dlfcn.h - found
[2.175s] -- Looking for libdl - found
[2.181s] -- Searching for <gz-common5> component [graphics]
[2.181s] -- Searching for <gz-common5> component [events]
[2.181s] -- Searching for <gz-common5> component [geospatial]
[2.183s] -- Looking for gz-common5-geospatial -- found version 5.7.1
[2.183s] -- Searching for dependencies of gz-common5-geospatial
[2.183s] -- Looking for gz-math7 -- found version 7.5.2
[2.184s] -- Looking for gz-common5 -- found version 5.7.1
[2.184s] -- Looking for gz-plugin2 -- found version 2.0.4
[2.185s] -- Searching for dependencies of gz-plugin2
[2.185s] -- Looking for gz-utils2 -- found version 2.2.1
[2.185s] -- Searching for <gz-plugin2> component [all]
[2.187s] -- Looking for all libraries of gz-plugin2 -- found version 2.0.4
[2.187s] -- Looking for gz-plugin2 -- found version 2.0.4
[2.188s] -- Looking for gz-utils2 -- found version 2.2.1
[2.196s] -- Found OpenGL: /usr/lib/x86_64-linux-gnu/libOpenGL.so  found components: OpenGL 
[2.197s] -- Looking for gz-msgs10 -- found version 10.3.2
[2.217s] -- Looking for gz-physics7 -- found version 7.5.0
[2.217s] -- Searching for dependencies of gz-physics7
[2.217s] -- Looking for gz-common5 -- found version 5.7.1
[2.217s] -- Looking for gz-math7 -- found version 7.5.2
[2.218s] -- Looking for gz-plugin2 -- found version 2.0.4
[2.218s] -- Looking for gz-utils2 -- found version 2.2.1
[2.219s] -- Searching for <gz-physics7> component [heightmap]
[2.220s] -- Looking for gz-physics7-heightmap -- found version 7.5.0
[2.220s] -- Searching for dependencies of gz-physics7-heightmap
[2.221s] -- Looking for gz-common5 -- found version 5.7.1
[2.221s] -- Searching for <gz-physics7> component [mesh]
[2.223s] -- Looking for gz-physics7-mesh -- found version 7.5.0
[2.223s] -- Searching for dependencies of gz-physics7-mesh
[2.223s] -- Looking for gz-common5 -- found version 5.7.1
[2.223s] -- Searching for <gz-physics7> component [sdf]
[2.225s] -- Looking for gz-physics7-sdf -- found version 7.5.0
[2.225s] -- Searching for dependencies of gz-physics7-sdf
[2.225s] -- Looking for sdformat14 -- found version 14.8.0
[2.228s] -- Looking for gz-sensors8 -- found version 8.2.2
[2.228s] -- Searching for dependencies of gz-sensors8
[2.244s] -- Looking for gz-math7 -- found version 7.5.2
[2.244s] -- Looking for gz-common5 -- found version 5.7.1
[2.245s] -- Looking for gz-transport13 -- found version 13.4.1
[2.245s] -- Looking for gz-rendering8 -- found version 8.2.2
[2.245s] -- Looking for gz-msgs10 -- found version 10.3.2
[2.246s] -- Looking for sdformat14 -- found version 14.8.0
[2.246s] -- Searching for <gz-sensors8> component [air_pressure]
[2.248s] -- Looking for gz-sensors8-air_pressure -- found version 8.2.2
[2.248s] -- Searching for dependencies of gz-sensors8-air_pressure
[2.248s] -- Searching for <gz-sensors8> component [air_speed]
[2.249s] -- Looking for gz-sensors8-air_speed -- found version 8.2.2
[2.250s] -- Searching for dependencies of gz-sensors8-air_speed
[2.250s] -- Searching for <gz-sensors8> component [altimeter]
[2.251s] -- Looking for gz-sensors8-altimeter -- found version 8.2.2
[2.251s] -- Searching for dependencies of gz-sensors8-altimeter
[2.252s] -- Searching for <gz-sensors8> component [imu]
[2.253s] -- Looking for gz-sensors8-imu -- found version 8.2.2
[2.253s] -- Searching for dependencies of gz-sensors8-imu
[2.254s] -- Searching for <gz-sensors8> component [force_torque]
[2.255s] -- Looking for gz-sensors8-force_torque -- found version 8.2.2
[2.256s] -- Searching for dependencies of gz-sensors8-force_torque
[2.256s] -- Searching for <gz-sensors8> component [logical_camera]
[2.257s] -- Looking for gz-sensors8-logical_camera -- found version 8.2.2
[2.257s] -- Searching for dependencies of gz-sensors8-logical_camera
[2.258s] -- Searching for <gz-sensors8> component [magnetometer]
[2.259s] -- Looking for gz-sensors8-magnetometer -- found version 8.2.2
[2.259s] -- Searching for dependencies of gz-sensors8-magnetometer
[2.260s] -- Searching for <gz-sensors8> component [navsat]
[2.261s] -- Looking for gz-sensors8-navsat -- found version 8.2.2
[2.261s] -- Searching for dependencies of gz-sensors8-navsat
[2.261s] -- Searching for <gz-sensors8> component [dvl]
[2.263s] -- Looking for gz-sensors8-dvl -- found version 8.2.2
[2.263s] -- Searching for dependencies of gz-sensors8-dvl
[2.263s] -- Looking for gz-sensors8 -- found version 8.2.2
[2.263s] -- Searching for dependencies of gz-sensors8
[2.280s] -- Looking for gz-math7 -- found version 7.5.2
[2.280s] -- Looking for gz-common5 -- found version 5.7.1
[2.280s] -- Looking for gz-transport13 -- found version 13.4.1
[2.280s] -- Looking for gz-rendering8 -- found version 8.2.2
[2.281s] -- Looking for gz-msgs10 -- found version 10.3.2
[2.281s] -- Looking for sdformat14 -- found version 14.8.0
[2.281s] -- Searching for <gz-sensors8> component [rendering]
[2.283s] -- Looking for gz-sensors8-rendering -- found version 8.2.2
[2.283s] -- Searching for dependencies of gz-sensors8-rendering
[2.284s] -- Searching for <gz-sensors8> component [rendering]
[2.284s] -- Searching for <gz-sensors8> component [lidar]
[2.286s] -- Looking for gz-sensors8-lidar -- found version 8.2.2
[2.286s] -- Searching for dependencies of gz-sensors8-lidar
[2.286s] -- Looking for gz-sensors8 -- found version 8.2.2
[2.287s] -- Searching for <gz-sensors8> component [gpu_lidar]
[2.289s] -- Looking for gz-sensors8-gpu_lidar -- found version 8.2.2
[2.289s] -- Searching for dependencies of gz-sensors8-gpu_lidar
[2.289s] -- Looking for gz-sensors8 -- found version 8.2.2
[2.290s] -- Searching for <gz-sensors8> component [camera]
[2.291s] -- Looking for gz-sensors8-camera -- found version 8.2.2
[2.291s] -- Searching for dependencies of gz-sensors8-camera
[2.291s] -- Looking for gz-sensors8 -- found version 8.2.2
[2.292s] -- Searching for <gz-sensors8> component [boundingbox_camera]
[2.293s] -- Looking for gz-sensors8-boundingbox_camera -- found version 8.2.2
[2.293s] -- Searching for dependencies of gz-sensors8-boundingbox_camera
[2.293s] -- Searching for <gz-sensors8> component [segmentation_camera]
[2.295s] -- Looking for gz-sensors8-segmentation_camera -- found version 8.2.2
[2.295s] -- Searching for dependencies of gz-sensors8-segmentation_camera
[2.295s] -- Searching for <gz-sensors8> component [depth_camera]
[2.297s] -- Looking for gz-sensors8-depth_camera -- found version 8.2.2
[2.297s] -- Searching for dependencies of gz-sensors8-depth_camera
[2.298s] -- Looking for gz-sensors8 -- found version 8.2.2
[2.298s] -- Searching for <gz-sensors8> component [rgbd_camera]
[2.300s] -- Looking for gz-sensors8-rgbd_camera -- found version 8.2.2
[2.300s] -- Searching for dependencies of gz-sensors8-rgbd_camera
[2.300s] -- Looking for gz-sensors8 -- found version 8.2.2
[2.301s] -- Searching for <gz-sensors8> component [thermal_camera]
[2.302s] -- Looking for gz-sensors8-thermal_camera -- found version 8.2.2
[2.302s] -- Searching for dependencies of gz-sensors8-thermal_camera
[2.303s] -- Looking for gz-sensors8 -- found version 8.2.2
[2.303s] -- Searching for <gz-sensors8> component [wide_angle_camera]
[2.304s] -- Looking for gz-sensors8-wide_angle_camera -- found version 8.2.2
[2.304s] -- Searching for dependencies of gz-sensors8-wide_angle_camera
[2.305s] -- Looking for gz-rendering8 -- found version 8.2.2
[2.306s] -- Looking for gz-math7 -- found version 7.5.2
[2.306s] -- Looking for gz-utils2 -- found version 2.2.1
[2.325s] -- Looking for gz-plugin2 -- found version 2.0.4
[2.389s] -- Configuring done (2.1s)
[2.416s] -- Generating done (0.0s)
[2.423s] -- Build files have been written to: /root/ros_workspace/build/turtlebot3_gazebo
[2.433s] Invoked command in '/root/ros_workspace/build/turtlebot3_gazebo' returned '0': CMAKE_PREFIX_PATH=${CMAKE_PREFIX_PATH}:/root/ros_workspace/install/slam_multi_robot:/root/ros_workspace/install/obstacle_fusion:/root/ros_workspace/install/multi_robot_bringup:/root/ros_workspace/install/merging_pkg:/root/ros_workspace/install/dynamic_obstacle_detector:/opt/ros/jazzy /usr/bin/cmake /root/ros_workspace/src/turtlebot3_gazebo -DCMAKE_INSTALL_PREFIX=/root/ros_workspace/install/turtlebot3_gazebo
[2.434s] Invoking command in '/root/ros_workspace/build/turtlebot3_gazebo': CMAKE_PREFIX_PATH=${CMAKE_PREFIX_PATH}:/root/ros_workspace/install/slam_multi_robot:/root/ros_workspace/install/obstacle_fusion:/root/ros_workspace/install/multi_robot_bringup:/root/ros_workspace/install/merging_pkg:/root/ros_workspace/install/dynamic_obstacle_detector:/opt/ros/jazzy /usr/bin/cmake --build /root/ros_workspace/build/turtlebot3_gazebo -- -j20 -l20
[2.479s] [ 25%] [32mBuilding CXX object CMakeFiles/obstacle1.dir/src/obstacle1.cpp.o[0m
[2.479s] [ 25%] [32mBuilding CXX object CMakeFiles/obstacles.dir/src/obstacles.cpp.o[0m
[2.479s] [ 37%] [32mBuilding CXX object CMakeFiles/obstacle2.dir/src/obstacle2.cpp.o[0m
[2.479s] [ 50%] [32mBuilding CXX object CMakeFiles/turtlebot3_drive.dir/src/turtlebot3_drive.cpp.o[0m
[4.736s] [ 62%] [32m[1mLinking CXX shared library libobstacle1.so[0m
[4.758s] [ 75%] [32m[1mLinking CXX shared library libobstacle2.so[0m
[4.912s] [ 75%] Built target obstacle1
[4.957s] [ 75%] Built target obstacle2
[5.115s] [ 87%] [32m[1mLinking CXX shared library libobstacles.so[0m
[5.257s] [ 87%] Built target obstacles
[10.212s] [100%] [32m[1mLinking CXX executable turtlebot3_drive[0m
[10.463s] [100%] Built target turtlebot3_drive
[10.472s] Invoked command in '/root/ros_workspace/build/turtlebot3_gazebo' returned '0': CMAKE_PREFIX_PATH=${CMAKE_PREFIX_PATH}:/root/ros_workspace/install/slam_multi_robot:/root/ros_workspace/install/obstacle_fusion:/root/ros_workspace/install/multi_robot_bringup:/root/ros_workspace/install/merging_pkg:/root/ros_workspace/install/dynamic_obstacle_detector:/opt/ros/jazzy /usr/bin/cmake --build /root/ros_workspace/build/turtlebot3_gazebo -- -j20 -l20
[10.473s] Invoking command in '/root/ros_workspace/build/turtlebot3_gazebo': CMAKE_PREFIX_PATH=${CMAKE_PREFIX_PATH}:/root/ros_workspace/install/slam_multi_robot:/root/ros_workspace/install/obstacle_fusion:/root/ros_workspace/install/multi_robot_bringup:/root/ros_workspace/install/merging_pkg:/root/ros_workspace/install/dynamic_obstacle_detector:/opt/ros/jazzy /usr/bin/cmake --install /root/ros_workspace/build/turtlebot3_gazebo
[10.479s] -- Install configuration: ""
[10.479s] -- Installing: /root/ros_workspace/install/turtlebot3_gazebo/lib/turtlebot3_gazebo/turtlebot3_drive
[10.484s] -- Set non-toolchain portion of runtime path of "/root/ros_workspace/install/turtlebot3_gazebo/lib/turtlebot3_gazebo/turtlebot3_drive" to ""
[10.484s] -- Installing: /root/ros_workspace/install/turtlebot3_gazebo/lib/turtlebot3_gazebo/libobstacles.so
[10.485s] -- Set non-toolchain portion of runtime path of "/root/ros_workspace/install/turtlebot3_gazebo/lib/turtlebot3_gazebo/libobstacles.so" to ""
[10.485s] -- Installing: /root/ros_workspace/install/turtlebot3_gazebo/lib/turtlebot3_gazebo/libobstacle1.so
[10.486s] -- Set non-toolchain portion of runtime path of "/root/ros_workspace/install/turtlebot3_gazebo/lib/turtlebot3_gazebo/libobstacle1.so" to ""
[10.486s] -- Installing: /root/ros_workspace/install/turtlebot3_gazebo/lib/turtlebot3_gazebo/libobstacle2.so
[10.486s] -- Set non-toolchain portion of runtime path of "/root/ros_workspace/install/turtlebot3_gazebo/lib/turtlebot3_gazebo/libobstacle2.so" to ""
[10.486s] -- Installing: /root/ros_workspace/install/turtlebot3_gazebo/share/turtlebot3_gazebo//launch
[10.487s] -- Installing: /root/ros_workspace/install/turtlebot3_gazebo/share/turtlebot3_gazebo//launch/turtlebot3_dqn_stage1.launch.py
[10.487s] -- Installing: /root/ros_workspace/install/turtlebot3_gazebo/share/turtlebot3_gazebo//launch/spawn_turtlebot3.launch.py
[10.487s] -- Installing: /root/ros_workspace/install/turtlebot3_gazebo/share/turtlebot3_gazebo//launch/empty_world.launch.py
[10.487s] -- Installing: /root/ros_workspace/install/turtlebot3_gazebo/share/turtlebot3_gazebo//launch/turtlebot3_house.launch.py
[10.487s] -- Installing: /root/ros_workspace/install/turtlebot3_gazebo/share/turtlebot3_gazebo//launch/turtlebot3_dqn_stage3.launch.py
[10.487s] -- Installing: /root/ros_workspace/install/turtlebot3_gazebo/share/turtlebot3_gazebo//launch/robot_state_publisher.launch.py
[10.487s] -- Installing: /root/ros_workspace/install/turtlebot3_gazebo/share/turtlebot3_gazebo//launch/turtlebot3_dqn_stage4.launch.py
[10.487s] -- Installing: /root/ros_workspace/install/turtlebot3_gazebo/share/turtlebot3_gazebo//launch/turtlebot3_dqn_stage2.launch.py
[10.487s] -- Installing: /root/ros_workspace/install/turtlebot3_gazebo/share/turtlebot3_gazebo//launch/turtlebot3_world.launch.py
[10.487s] -- Installing: /root/ros_workspace/install/turtlebot3_gazebo/share/turtlebot3_gazebo//models
[10.487s] -- Installing: /root/ros_workspace/install/turtlebot3_gazebo/share/turtlebot3_gazebo//models/turtlebot3_burger
[10.487s] -- Installing: /root/ros_workspace/install/turtlebot3_gazebo/share/turtlebot3_gazebo//models/turtlebot3_burger/model.config
[10.488s] -- Installing: /root/ros_workspace/install/turtlebot3_gazebo/share/turtlebot3_gazebo//models/turtlebot3_burger/model.sdf
[10.488s] -- Installing: /root/ros_workspace/install/turtlebot3_gazebo/share/turtlebot3_gazebo//models/turtlebot3_burger/model-1_4.sdf
[10.488s] -- Installing: /root/ros_workspace/install/turtlebot3_gazebo/share/turtlebot3_gazebo//models/turtlebot3_house
[10.488s] -- Installing: /root/ros_workspace/install/turtlebot3_gazebo/share/turtlebot3_gazebo//models/turtlebot3_house/model.config
[10.488s] -- Installing: /root/ros_workspace/install/turtlebot3_gazebo/share/turtlebot3_gazebo//models/turtlebot3_house/first_2015_trash_can
[10.488s] -- Installing: /root/ros_workspace/install/turtlebot3_gazebo/share/turtlebot3_gazebo//models/turtlebot3_house/first_2015_trash_can/model.config
[10.488s] -- Installing: /root/ros_workspace/install/turtlebot3_gazebo/share/turtlebot3_gazebo//models/turtlebot3_house/first_2015_trash_can/meshes
[10.488s] -- Installing: /root/ros_workspace/install/turtlebot3_gazebo/share/turtlebot3_gazebo//models/turtlebot3_house/first_2015_trash_can/meshes/trash_can.dae
[10.489s] -- Installing: /root/ros_workspace/install/turtlebot3_gazebo/share/turtlebot3_gazebo//models/turtlebot3_house/first_2015_trash_can/model.sdf
[10.489s] -- Installing: /root/ros_workspace/install/turtlebot3_gazebo/share/turtlebot3_gazebo//models/turtlebot3_house/table_marble
[10.489s] -- Installing: /root/ros_workspace/install/turtlebot3_gazebo/share/turtlebot3_gazebo//models/turtlebot3_house/table_marble/model.config
[10.489s] -- Installing: /root/ros_workspace/install/turtlebot3_gazebo/share/turtlebot3_gazebo//models/turtlebot3_house/table_marble/meshes
[10.489s] -- Installing: /root/ros_workspace/install/turtlebot3_gazebo/share/turtlebot3_gazebo//models/turtlebot3_house/table_marble/meshes/table_lightmap.dae
[10.489s] -- Installing: /root/ros_workspace/install/turtlebot3_gazebo/share/turtlebot3_gazebo//models/turtlebot3_house/table_marble/model.sdf
[10.490s] -- Installing: /root/ros_workspace/install/turtlebot3_gazebo/share/turtlebot3_gazebo//models/turtlebot3_house/table_marble/materials
[10.490s] -- Installing: /root/ros_workspace/install/turtlebot3_gazebo/share/turtlebot3_gazebo//models/turtlebot3_house/table_marble/materials/textures
[10.490s] -- Installing: /root/ros_workspace/install/turtlebot3_gazebo/share/turtlebot3_gazebo//models/turtlebot3_house/table_marble/materials/textures/table_lightmap.png
[10.490s] -- Installing: /root/ros_workspace/install/turtlebot3_gazebo/share/turtlebot3_gazebo//models/turtlebot3_house/table_marble/materials/textures/marble.png
[10.490s] -- Installing: /root/ros_workspace/install/turtlebot3_gazebo/share/turtlebot3_gazebo//models/turtlebot3_house/table_marble/materials/scripts
[10.490s] -- Installing: /root/ros_workspace/install/turtlebot3_gazebo/share/turtlebot3_gazebo//models/turtlebot3_house/table_marble/materials/scripts/table_lightmap.material
[10.490s] -- Installing: /root/ros_workspace/install/turtlebot3_gazebo/share/turtlebot3_gazebo//models/turtlebot3_house/table_marble/model-1_4.sdf
[10.491s] -- Installing: /root/ros_workspace/install/turtlebot3_gazebo/share/turtlebot3_gazebo//models/turtlebot3_house/model.sdf
[10.491s] -- Installing: /root/ros_workspace/install/turtlebot3_gazebo/share/turtlebot3_gazebo//models/turtlebot3_house/textures
[10.491s] -- Installing: /root/ros_workspace/install/turtlebot3_gazebo/share/turtlebot3_gazebo//models/turtlebot3_house/textures/wood.png
[10.491s] -- Installing: /root/ros_workspace/install/turtlebot3_gazebo/share/turtlebot3_gazebo//models/turtlebot3_house/textures/bricks.png
[10.492s] -- Installing: /root/ros_workspace/install/turtlebot3_gazebo/share/turtlebot3_gazebo//models/turtlebot3_house/cafe_table
[10.492s] -- Installing: /root/ros_workspace/install/turtlebot3_gazebo/share/turtlebot3_gazebo//models/turtlebot3_house/cafe_table/model.config
[10.492s] -- Installing: /root/ros_workspace/install/turtlebot3_gazebo/share/turtlebot3_gazebo//models/turtlebot3_house/cafe_table/meshes
[10.492s] -- Installing: /root/ros_workspace/install/turtlebot3_gazebo/share/turtlebot3_gazebo//models/turtlebot3_house/cafe_table/meshes/cafe_table.dae
[10.492s] -- Installing: /root/ros_workspace/install/turtlebot3_gazebo/share/turtlebot3_gazebo//models/turtlebot3_house/cafe_table/model.sdf
[10.493s] -- Installing: /root/ros_workspace/install/turtlebot3_gazebo/share/turtlebot3_gazebo//models/turtlebot3_house/cafe_table/materials
[10.493s] -- Installing: /root/ros_workspace/install/turtlebot3_gazebo/share/turtlebot3_gazebo//models/turtlebot3_house/cafe_table/materials/textures
[10.493s] -- Installing: /root/ros_workspace/install/turtlebot3_gazebo/share/turtlebot3_gazebo//models/turtlebot3_house/cafe_table/materials/textures/Wood_Floor_Dark.jpg
[10.493s] -- Installing: /root/ros_workspace/install/turtlebot3_gazebo/share/turtlebot3_gazebo//models/turtlebot3_house/cafe_table/materials/textures/Maple.jpg
[10.493s] -- Installing: /root/ros_workspace/install/turtlebot3_gazebo/share/turtlebot3_gazebo//models/turtlebot3_house/cafe_table/model-1_4.sdf
[10.493s] -- Installing: /root/ros_workspace/install/turtlebot3_gazebo/share/turtlebot3_gazebo//models/turtlebot3_house/mailbox
[10.493s] -- Installing: /root/ros_workspace/install/turtlebot3_gazebo/share/turtlebot3_gazebo//models/turtlebot3_house/mailbox/model.config
[10.493s] -- Installing: /root/ros_workspace/install/turtlebot3_gazebo/share/turtlebot3_gazebo//models/turtlebot3_house/mailbox/meshes
[10.493s] -- Installing: /root/ros_workspace/install/turtlebot3_gazebo/share/turtlebot3_gazebo//models/turtlebot3_house/mailbox/meshes/mailbox.dae
[10.494s] -- Installing: /root/ros_workspace/install/turtlebot3_gazebo/share/turtlebot3_gazebo//models/turtlebot3_house/mailbox/model.sdf
[10.494s] -- Installing: /root/ros_workspace/install/turtlebot3_gazebo/share/turtlebot3_gazebo//models/turtlebot3_house/mailbox/materials
[10.494s] -- Installing: /root/ros_workspace/install/turtlebot3_gazebo/share/turtlebot3_gazebo//models/turtlebot3_house/mailbox/materials/textures
[10.494s] -- Installing: /root/ros_workspace/install/turtlebot3_gazebo/share/turtlebot3_gazebo//models/turtlebot3_house/mailbox/materials/textures/Mailbox_Spec.png
[10.494s] -- Installing: /root/ros_workspace/install/turtlebot3_gazebo/share/turtlebot3_gazebo//models/turtlebot3_house/mailbox/materials/textures/Mailbox_Diffuse.png
[10.495s] -- Installing: /root/ros_workspace/install/turtlebot3_gazebo/share/turtlebot3_gazebo//models/turtlebot3_house/mailbox/materials/textures/Mailbox_Diffuse.tga.orig
[10.495s] -- Installing: /root/ros_workspace/install/turtlebot3_gazebo/share/turtlebot3_gazebo//models/turtlebot3_house/mailbox/materials/scripts
[10.495s] -- Installing: /root/ros_workspace/install/turtlebot3_gazebo/share/turtlebot3_gazebo//models/turtlebot3_house/mailbox/materials/scripts/mailbox.material
[10.495s] -- Installing: /root/ros_workspace/install/turtlebot3_gazebo/share/turtlebot3_gazebo//models/turtlebot3_house/mailbox/model-1_4.sdf
[10.496s] -- Installing: /root/ros_workspace/install/turtlebot3_gazebo/share/turtlebot3_gazebo//models/turtlebot3_house/mailbox/model-1_3.sdf
[10.496s] -- Installing: /root/ros_workspace/install/turtlebot3_gazebo/share/turtlebot3_gazebo//models/turtlebot3_world
[10.496s] -- Installing: /root/ros_workspace/install/turtlebot3_gazebo/share/turtlebot3_gazebo//models/turtlebot3_world/model.config
[10.496s] -- Installing: /root/ros_workspace/install/turtlebot3_gazebo/share/turtlebot3_gazebo//models/turtlebot3_world/meshes
[10.496s] -- Installing: /root/ros_workspace/install/turtlebot3_gazebo/share/turtlebot3_gazebo//models/turtlebot3_world/meshes/wall.dae
[10.496s] -- Installing: /root/ros_workspace/install/turtlebot3_gazebo/share/turtlebot3_gazebo//models/turtlebot3_world/meshes/hexagon.dae
[10.496s] -- Installing: /root/ros_workspace/install/turtlebot3_gazebo/share/turtlebot3_gazebo//models/turtlebot3_world/model.sdf
[10.496s] -- Installing: /root/ros_workspace/install/turtlebot3_gazebo/share/turtlebot3_gazebo//models/turtlebot3_world/model-1_4.sdf
[10.496s] -- Installing: /root/ros_workspace/install/turtlebot3_gazebo/share/turtlebot3_gazebo//models/turtlebot3_waffle
[10.496s] -- Installing: /root/ros_workspace/install/turtlebot3_gazebo/share/turtlebot3_gazebo//models/turtlebot3_waffle/model.config
[10.496s] -- Installing: /root/ros_workspace/install/turtlebot3_gazebo/share/turtlebot3_gazebo//models/turtlebot3_waffle/model.sdf
[10.496s] -- Installing: /root/ros_workspace/install/turtlebot3_gazebo/share/turtlebot3_gazebo//models/turtlebot3_waffle/model-1_4.sdf
[10.496s] -- Installing: /root/ros_workspace/install/turtlebot3_gazebo/share/turtlebot3_gazebo//models/turtlebot3_common
[10.496s] -- Installing: /root/ros_workspace/install/turtlebot3_gazebo/share/turtlebot3_gazebo//models/turtlebot3_common/model.config
[10.496s] -- Installing: /root/ros_workspace/install/turtlebot3_gazebo/share/turtlebot3_gazebo//models/turtlebot3_common/meshes
[10.496s] -- Installing: /root/ros_workspace/install/turtlebot3_gazebo/share/turtlebot3_gazebo//models/turtlebot3_common/meshes/sensors
[10.496s] -- Installing: /root/ros_workspace/install/turtlebot3_gazebo/share/turtlebot3_gazebo//models/turtlebot3_common/meshes/sensors/lds.stl
[10.497s] -- Installing: /root/ros_workspace/install/turtlebot3_gazebo/share/turtlebot3_gazebo//models/turtlebot3_common/meshes/sensors/r200.jpg
[10.497s] -- Installing: /root/ros_workspace/install/turtlebot3_gazebo/share/turtlebot3_gazebo//models/turtlebot3_common/meshes/sensors/astra.dae
[10.503s] -- Installing: /root/ros_workspace/install/turtlebot3_gazebo/share/turtlebot3_gazebo//models/turtlebot3_common/meshes/sensors/astra.jpg
[10.503s] -- Installing: /root/ros_workspace/install/turtlebot3_gazebo/share/turtlebot3_gazebo//models/turtlebot3_common/meshes/sensors/r200.dae
[10.503s] -- Installing: /root/ros_workspace/install/turtlebot3_gazebo/share/turtlebot3_gazebo//models/turtlebot3_common/meshes/waffle_base.dae
[10.503s] -- Installing: /root/ros_workspace/install/turtlebot3_gazebo/share/turtlebot3_gazebo//models/turtlebot3_common/meshes/burger_base.dae
[10.503s] -- Installing: /root/ros_workspace/install/turtlebot3_gazebo/share/turtlebot3_gazebo//models/turtlebot3_common/meshes/tire.dae
[10.503s] -- Installing: /root/ros_workspace/install/turtlebot3_gazebo/share/turtlebot3_gazebo//models/turtlebot3_common/meshes/wheels
[10.503s] -- Installing: /root/ros_workspace/install/turtlebot3_gazebo/share/turtlebot3_gazebo//models/turtlebot3_common/meshes/wheels/right_tire.stl
[10.504s] -- Installing: /root/ros_workspace/install/turtlebot3_gazebo/share/turtlebot3_gazebo//models/turtlebot3_common/meshes/wheels/left_tire.stl
[10.505s] -- Installing: /root/ros_workspace/install/turtlebot3_gazebo/share/turtlebot3_gazebo//models/turtlebot3_common/meshes/waffle_pi_base.dae
[10.505s] -- Installing: /root/ros_workspace/install/turtlebot3_gazebo/share/turtlebot3_gazebo//models/turtlebot3_common/meshes/bases
[10.505s] -- Installing: /root/ros_workspace/install/turtlebot3_gazebo/share/turtlebot3_gazebo//models/turtlebot3_common/meshes/bases/burger_base.stl
[10.508s] -- Installing: /root/ros_workspace/install/turtlebot3_gazebo/share/turtlebot3_gazebo//models/turtlebot3_common/meshes/bases/waffle_base.stl
[10.518s] -- Installing: /root/ros_workspace/install/turtlebot3_gazebo/share/turtlebot3_gazebo//models/turtlebot3_common/meshes/bases/waffle_pi_base.stl
[10.522s] -- Installing: /root/ros_workspace/install/turtlebot3_gazebo/share/turtlebot3_gazebo//models/turtlebot3_common/meshes/lds.dae
[10.522s] -- Installing: /root/ros_workspace/install/turtlebot3_gazebo/share/turtlebot3_gazebo//models/turtlebot3_common/meshes/r200.dae
[10.523s] -- Installing: /root/ros_workspace/install/turtlebot3_gazebo/share/turtlebot3_gazebo//models/turtlebot3_waffle_pi
[10.523s] -- Installing: /root/ros_workspace/install/turtlebot3_gazebo/share/turtlebot3_gazebo//models/turtlebot3_waffle_pi/model.config
[10.523s] -- Installing: /root/ros_workspace/install/turtlebot3_gazebo/share/turtlebot3_gazebo//models/turtlebot3_waffle_pi/model.sdf
[10.523s] -- Installing: /root/ros_workspace/install/turtlebot3_gazebo/share/turtlebot3_gazebo//models/turtlebot3_waffle_pi/model-1_4_.sdf
[10.524s] -- Installing: /root/ros_workspace/install/turtlebot3_gazebo/share/turtlebot3_gazebo//models/turtlebot3_burger_cam
[10.524s] -- Installing: /root/ros_workspace/install/turtlebot3_gazebo/share/turtlebot3_gazebo//models/turtlebot3_burger_cam/model.config
[10.524s] -- Installing: /root/ros_workspace/install/turtlebot3_gazebo/share/turtlebot3_gazebo//models/turtlebot3_burger_cam/model.sdf
[10.524s] -- Installing: /root/ros_workspace/install/turtlebot3_gazebo/share/turtlebot3_gazebo//models/turtlebot3_burger_cam/model-1_4.sdf
[10.524s] -- Installing: /root/ros_workspace/install/turtlebot3_gazebo/share/turtlebot3_gazebo//models/turtlebot3_dqn_world
[10.524s] -- Installing: /root/ros_workspace/install/turtlebot3_gazebo/share/turtlebot3_gazebo//models/turtlebot3_dqn_world/model.config
[10.524s] -- Installing: /root/ros_workspace/install/turtlebot3_gazebo/share/turtlebot3_gazebo//models/turtlebot3_dqn_world/obstacle1
[10.524s] -- Installing: /root/ros_workspace/install/turtlebot3_gazebo/share/turtlebot3_gazebo//models/turtlebot3_dqn_world/obstacle1/model.config
[10.525s] -- Installing: /root/ros_workspace/install/turtlebot3_gazebo/share/turtlebot3_gazebo//models/turtlebot3_dqn_world/obstacle1/model.sdf
[10.525s] -- Installing: /root/ros_workspace/install/turtlebot3_gazebo/share/turtlebot3_gazebo//models/turtlebot3_dqn_world/inner_walls
[10.525s] -- Installing: /root/ros_workspace/install/turtlebot3_gazebo/share/turtlebot3_gazebo//models/turtlebot3_dqn_world/inner_walls/model.config
[10.525s] -- Installing: /root/ros_workspace/install/turtlebot3_gazebo/share/turtlebot3_gazebo//models/turtlebot3_dqn_world/inner_walls/model.sdf
[10.525s] -- Installing: /root/ros_workspace/install/turtlebot3_gazebo/share/turtlebot3_gazebo//models/turtlebot3_dqn_world/inner_walls/textures
[10.525s] -- Installing: /root/ros_workspace/install/turtlebot3_gazebo/share/turtlebot3_gazebo//models/turtlebot3_dqn_world/inner_walls/textures/wood.png
[10.525s] -- Installing: /root/ros_workspace/install/turtlebot3_gazebo/share/turtlebot3_gazebo//models/turtlebot3_dqn_world/goal_box
[10.525s] -- Installing: /root/ros_workspace/install/turtlebot3_gazebo/share/turtlebot3_gazebo//models/turtlebot3_dqn_world/goal_box/model.config
[10.525s] -- Installing: /root/ros_workspace/install/turtlebot3_gazebo/share/turtlebot3_gazebo//models/turtlebot3_dqn_world/goal_box/model.sdf
[10.525s] -- Installing: /root/ros_workspace/install/turtlebot3_gazebo/share/turtlebot3_gazebo//models/turtlebot3_dqn_world/model.sdf
[10.525s] -- Installing: /root/ros_workspace/install/turtlebot3_gazebo/share/turtlebot3_gazebo//models/turtlebot3_dqn_world/textures
[10.525s] -- Installing: /root/ros_workspace/install/turtlebot3_gazebo/share/turtlebot3_gazebo//models/turtlebot3_dqn_world/textures/wood.png
[10.525s] -- Installing: /root/ros_workspace/install/turtlebot3_gazebo/share/turtlebot3_gazebo//models/turtlebot3_dqn_world/obstacle2
[10.525s] -- Installing: /root/ros_workspace/install/turtlebot3_gazebo/share/turtlebot3_gazebo//models/turtlebot3_dqn_world/obstacle2/model.config
[10.525s] -- Installing: /root/ros_workspace/install/turtlebot3_gazebo/share/turtlebot3_gazebo//models/turtlebot3_dqn_world/obstacle2/model.sdf
[10.525s] -- Installing: /root/ros_workspace/install/turtlebot3_gazebo/share/turtlebot3_gazebo//models/turtlebot3_dqn_world/obstacles
[10.525s] -- Installing: /root/ros_workspace/install/turtlebot3_gazebo/share/turtlebot3_gazebo//models/turtlebot3_dqn_world/obstacles/model.config
[10.525s] -- Installing: /root/ros_workspace/install/turtlebot3_gazebo/share/turtlebot3_gazebo//models/turtlebot3_dqn_world/obstacles/model.sdf
[10.525s] -- Installing: /root/ros_workspace/install/turtlebot3_gazebo/share/turtlebot3_gazebo//params
[10.525s] -- Installing: /root/ros_workspace/install/turtlebot3_gazebo/share/turtlebot3_gazebo//params/turtlebot3_waffle_bridge.yaml
[10.525s] -- Installing: /root/ros_workspace/install/turtlebot3_gazebo/share/turtlebot3_gazebo//params/turtlebot3_burger_cam_bridge.yaml
[10.525s] -- Installing: /root/ros_workspace/install/turtlebot3_gazebo/share/turtlebot3_gazebo//params/turtlebot3_waffle_pi_bridge.yaml
[10.526s] -- Installing: /root/ros_workspace/install/turtlebot3_gazebo/share/turtlebot3_gazebo//params/turtlebot3_burger_bridge.yaml
[10.526s] -- Installing: /root/ros_workspace/install/turtlebot3_gazebo/share/turtlebot3_gazebo//rviz
[10.526s] -- Installing: /root/ros_workspace/install/turtlebot3_gazebo/share/turtlebot3_gazebo//rviz/tb3_gazebo.rviz
[10.526s] -- Installing: /root/ros_workspace/install/turtlebot3_gazebo/share/turtlebot3_gazebo//urdf
[10.526s] -- Installing: /root/ros_workspace/install/turtlebot3_gazebo/share/turtlebot3_gazebo//urdf/common_properties.urdf
[10.526s] -- Installing: /root/ros_workspace/install/turtlebot3_gazebo/share/turtlebot3_gazebo//urdf/turtlebot3_burger.urdf
[10.526s] -- Installing: /root/ros_workspace/install/turtlebot3_gazebo/share/turtlebot3_gazebo//urdf/turtlebot3_waffle_pi.urdf
[10.526s] -- Installing: /root/ros_workspace/install/turtlebot3_gazebo/share/turtlebot3_gazebo//urdf/turtlebot3_burger_cam.urdf
[10.526s] -- Installing: /root/ros_workspace/install/turtlebot3_gazebo/share/turtlebot3_gazebo//urdf/turtlebot3_waffle.urdf
[10.526s] -- Installing: /root/ros_workspace/install/turtlebot3_gazebo/share/turtlebot3_gazebo//worlds
[10.527s] -- Installing: /root/ros_workspace/install/turtlebot3_gazebo/share/turtlebot3_gazebo//worlds/turtlebot3_dqn_stage3.world
[10.527s] -- Installing: /root/ros_workspace/install/turtlebot3_gazebo/share/turtlebot3_gazebo//worlds/turtlebot3_dynamic_obstacles.world
[10.527s] -- Installing: /root/ros_workspace/install/turtlebot3_gazebo/share/turtlebot3_gazebo//worlds/empty_world.world
[10.527s] -- Installing: /root/ros_workspace/install/turtlebot3_gazebo/share/turtlebot3_gazebo//worlds/turtlebot3_world.world
[10.527s] -- Installing: /root/ros_workspace/install/turtlebot3_gazebo/share/turtlebot3_gazebo//worlds/turtlebot3_autorace_2020.world
[10.527s] -- Installing: /root/ros_workspace/install/turtlebot3_gazebo/share/turtlebot3_gazebo//worlds/turtlebot3_dqn_stage4.world
[10.527s] -- Installing: /root/ros_workspace/install/turtlebot3_gazebo/share/turtlebot3_gazebo//worlds/turtlebot3_dqn_stage2.world
[10.527s] -- Installing: /root/ros_workspace/install/turtlebot3_gazebo/share/turtlebot3_gazebo//worlds/turtlebot3_house.world
[10.527s] -- Installing: /root/ros_workspace/install/turtlebot3_gazebo/share/turtlebot3_gazebo//worlds/turtlebot3_dqn_stage1.world
[10.527s] -- Installing: /root/ros_workspace/install/turtlebot3_gazebo/include/
[10.527s] -- Installing: /root/ros_workspace/install/turtlebot3_gazebo/include//turtlebot3_gazebo
[10.527s] -- Installing: /root/ros_workspace/install/turtlebot3_gazebo/include//turtlebot3_gazebo/obstacles.hpp
[10.527s] -- Installing: /root/ros_workspace/install/turtlebot3_gazebo/include//turtlebot3_gazebo/turtlebot3_drive.hpp
[10.527s] -- Installing: /root/ros_workspace/install/turtlebot3_gazebo/include//turtlebot3_gazebo/obstacle1.hpp
[10.528s] -- Installing: /root/ros_workspace/install/turtlebot3_gazebo/include//turtlebot3_gazebo/traffic_light_plugin.hpp
[10.528s] -- Installing: /root/ros_workspace/install/turtlebot3_gazebo/include//turtlebot3_gazebo/obstacle2.hpp
[10.528s] -- Installing: /root/ros_workspace/install/turtlebot3_gazebo/include//turtlebot3_gazebo/traffic_bar_plugin.hpp
[10.528s] -- Installing: /root/ros_workspace/install/turtlebot3_gazebo/share/ament_index/resource_index/package_run_dependencies/turtlebot3_gazebo
[10.528s] -- Installing: /root/ros_workspace/install/turtlebot3_gazebo/share/ament_index/resource_index/parent_prefix_path/turtlebot3_gazebo
[10.528s] -- Installing: /root/ros_workspace/install/turtlebot3_gazebo/share/turtlebot3_gazebo/environment/ament_prefix_path.sh
[10.529s] -- Installing: /root/ros_workspace/install/turtlebot3_gazebo/share/turtlebot3_gazebo/environment/ament_prefix_path.dsv
[10.529s] -- Installing: /root/ros_workspace/install/turtlebot3_gazebo/share/turtlebot3_gazebo/environment/path.sh
[10.529s] -- Installing: /root/ros_workspace/install/turtlebot3_gazebo/share/turtlebot3_gazebo/environment/path.dsv
[10.529s] -- Installing: /root/ros_workspace/install/turtlebot3_gazebo/share/turtlebot3_gazebo/local_setup.bash
[10.529s] -- Installing: /root/ros_workspace/install/turtlebot3_gazebo/share/turtlebot3_gazebo/local_setup.sh
[10.529s] -- Installing: /root/ros_workspace/install/turtlebot3_gazebo/share/turtlebot3_gazebo/local_setup.zsh
[10.529s] -- Installing: /root/ros_workspace/install/turtlebot3_gazebo/share/turtlebot3_gazebo/local_setup.dsv
[10.529s] -- Installing: /root/ros_workspace/install/turtlebot3_gazebo/share/turtlebot3_gazebo/package.dsv
[10.529s] -- Installing: /root/ros_workspace/install/turtlebot3_gazebo/share/ament_index/resource_index/packages/turtlebot3_gazebo
[10.529s] -- Installing: /root/ros_workspace/install/turtlebot3_gazebo/share/turtlebot3_gazebo/cmake/ament_cmake_export_include_directories-extras.cmake
[10.530s] -- Installing: /root/ros_workspace/install/turtlebot3_gazebo/share/turtlebot3_gazebo/cmake/ament_cmake_export_dependencies-extras.cmake
[10.530s] -- Installing: /root/ros_workspace/install/turtlebot3_gazebo/share/turtlebot3_gazebo/cmake/turtlebot3_gazeboConfig.cmake
[10.530s] -- Installing: /root/ros_workspace/install/turtlebot3_gazebo/share/turtlebot3_gazebo/cmake/turtlebot3_gazeboConfig-version.cmake
[10.530s] -- Installing: /root/ros_workspace/install/turtlebot3_gazebo/share/turtlebot3_gazebo/package.xml
[10.531s] Invoked command in '/root/ros_workspace/build/turtlebot3_gazebo' returned '0': CMAKE_PREFIX_PATH=${CMAKE_PREFIX_PATH}:/root/ros_workspace/install/slam_multi_robot:/root/ros_workspace/install/obstacle_fusion:/root/ros_workspace/install/multi_robot_bringup:/root/ros_workspace/install/merging_pkg:/root/ros_workspace/install/dynamic_obstacle_detector:/opt/ros/jazzy /usr/bin/cmake --install /root/ros_workspace/build/turtlebot3_gazebo
