[0.596s] Invoking command in '/root/ros_workspace/src/multi_robot_bringup': AMENT_PREFIX_PATH=/root/ros_workspace/install/dynamic_obstacle_detector:/root/ros_workspace/install/turtlebot3_gazebo:/root/ros_workspace/install/slam_multi_robot:/root/ros_workspace/install/obstacle_fusion:/root/ros_workspace/install/multi_robot_bringup:/root/ros_workspace/install/merging_pkg:/root/ros_workspace/install/dynamic_obstacle_detector_interfaces:/opt/ros/jazzy PYTHONPATH=/root/ros_workspace/build/multi_robot_bringup/prefix_override:/usr/lib/python3/dist-packages/colcon_core/task/python/colcon_distutils_commands:/root/ros_workspace/install/multi_robot_bringup/lib/python3.12/site-packages:/root/ros_workspace/install/dynamic_obstacle_detector/lib/python3.12/site-packages:/root/ros_workspace/install/slam_multi_robot/lib/python3.12/site-packages:/root/ros_workspace/install/obstacle_fusion/lib/python3.12/site-packages:/root/ros_workspace/install/multi_robot_bringup/lib/python3.12/site-packages:/root/ros_workspace/install/merging_pkg/lib/python3.12/site-packages:/root/ros_workspace/install/dynamic_obstacle_detector_interfaces/lib/python3.12/site-packages:/opt/ros/jazzy/lib/python3.12/site-packages /usr/bin/python3 -W ignore:setup.py install is deprecated -W ignore:easy_install command is deprecated setup.py egg_info --egg-base ../../build/multi_robot_bringup build --build-base /root/ros_workspace/build/multi_robot_bringup/build install --record /root/ros_workspace/build/multi_robot_bringup/install.log --single-version-externally-managed install_data
[0.750s] running egg_info
[0.750s] creating ../../build/multi_robot_bringup/multi_robot_bringup.egg-info
[0.759s] writing ../../build/multi_robot_bringup/multi_robot_bringup.egg-info/PKG-INFO
[0.759s] writing dependency_links to ../../build/multi_robot_bringup/multi_robot_bringup.egg-info/dependency_links.txt
[0.760s] writing requirements to ../../build/multi_robot_bringup/multi_robot_bringup.egg-info/requires.txt
[0.760s] writing top-level names to ../../build/multi_robot_bringup/multi_robot_bringup.egg-info/top_level.txt
[0.760s] writing manifest file '../../build/multi_robot_bringup/multi_robot_bringup.egg-info/SOURCES.txt'
[0.777s] reading manifest file '../../build/multi_robot_bringup/multi_robot_bringup.egg-info/SOURCES.txt'
[0.778s] writing manifest file '../../build/multi_robot_bringup/multi_robot_bringup.egg-info/SOURCES.txt'
[0.778s] running build
[0.778s] running build_py
[0.778s] creating /root/ros_workspace/build/multi_robot_bringup/build
[0.779s] creating /root/ros_workspace/build/multi_robot_bringup/build/lib
[0.779s] creating /root/ros_workspace/build/multi_robot_bringup/build/lib/multi_robot_scripts
[0.779s] copying multi_robot_scripts/__init__.py -> /root/ros_workspace/build/multi_robot_bringup/build/lib/multi_robot_scripts
[0.779s] copying multi_robot_scripts/utils.py -> /root/ros_workspace/build/multi_robot_bringup/build/lib/multi_robot_scripts
[0.780s] creating /root/ros_workspace/build/multi_robot_bringup/build/lib/multi_robot_bringup
[0.780s] copying multi_robot_bringup/__init__.py -> /root/ros_workspace/build/multi_robot_bringup/build/lib/multi_robot_bringup
[0.780s] running install
[0.783s] running install_lib
[0.793s] creating /root/ros_workspace/install/multi_robot_bringup/lib/python3.12/site-packages/multi_robot_scripts
[0.794s] copying /root/ros_workspace/build/multi_robot_bringup/build/lib/multi_robot_scripts/__init__.py -> /root/ros_workspace/install/multi_robot_bringup/lib/python3.12/site-packages/multi_robot_scripts
[0.794s] copying /root/ros_workspace/build/multi_robot_bringup/build/lib/multi_robot_scripts/utils.py -> /root/ros_workspace/install/multi_robot_bringup/lib/python3.12/site-packages/multi_robot_scripts
[0.795s] creating /root/ros_workspace/install/multi_robot_bringup/lib/python3.12/site-packages/multi_robot_bringup
[0.795s] copying /root/ros_workspace/build/multi_robot_bringup/build/lib/multi_robot_bringup/__init__.py -> /root/ros_workspace/install/multi_robot_bringup/lib/python3.12/site-packages/multi_robot_bringup
[0.795s] byte-compiling /root/ros_workspace/install/multi_robot_bringup/lib/python3.12/site-packages/multi_robot_scripts/__init__.py to __init__.cpython-312.pyc
[0.796s] byte-compiling /root/ros_workspace/install/multi_robot_bringup/lib/python3.12/site-packages/multi_robot_scripts/utils.py to utils.cpython-312.pyc
[0.797s] byte-compiling /root/ros_workspace/install/multi_robot_bringup/lib/python3.12/site-packages/multi_robot_bringup/__init__.py to __init__.cpython-312.pyc
[0.797s] running install_data
[0.797s] creating /root/ros_workspace/install/multi_robot_bringup/share/ament_index
[0.797s] creating /root/ros_workspace/install/multi_robot_bringup/share/ament_index/resource_index
[0.797s] creating /root/ros_workspace/install/multi_robot_bringup/share/ament_index/resource_index/packages
[0.797s] copying resource/multi_robot_bringup -> /root/ros_workspace/install/multi_robot_bringup/share/ament_index/resource_index/packages
[0.797s] copying package.xml -> /root/ros_workspace/install/multi_robot_bringup/share/multi_robot_bringup
[0.798s] creating /root/ros_workspace/install/multi_robot_bringup/share/multi_robot_bringup/launch
[0.798s] copying launch/tb3_world.launch.py -> /root/ros_workspace/install/multi_robot_bringup/share/multi_robot_bringup/launch
[0.798s] copying launch/tb3_nav2.launch.py -> /root/ros_workspace/install/multi_robot_bringup/share/multi_robot_bringup/launch
[0.798s] creating /root/ros_workspace/install/multi_robot_bringup/share/multi_robot_bringup/params
[0.798s] copying params/burger_nav2_params.yaml -> /root/ros_workspace/install/multi_robot_bringup/share/multi_robot_bringup/params
[0.799s] creating /root/ros_workspace/install/multi_robot_bringup/share/multi_robot_bringup/rviz
[0.799s] copying rviz/tb3_navigation2.rviz -> /root/ros_workspace/install/multi_robot_bringup/share/multi_robot_bringup/rviz
[0.799s] creating /root/ros_workspace/install/multi_robot_bringup/share/multi_robot_bringup/config
[0.799s] copying config/robots.yaml -> /root/ros_workspace/install/multi_robot_bringup/share/multi_robot_bringup/config
[0.800s] creating /root/ros_workspace/install/multi_robot_bringup/share/multi_robot_bringup/map
[0.800s] copying map/map.yaml -> /root/ros_workspace/install/multi_robot_bringup/share/multi_robot_bringup/map
[0.800s] copying map/map2.yaml -> /root/ros_workspace/install/multi_robot_bringup/share/multi_robot_bringup/map
[0.800s] copying map/map2.pgm -> /root/ros_workspace/install/multi_robot_bringup/share/multi_robot_bringup/map
[0.801s] copying map/map.pgm -> /root/ros_workspace/install/multi_robot_bringup/share/multi_robot_bringup/map
[0.801s] creating /root/ros_workspace/install/multi_robot_bringup/share/multi_robot_bringup/launch/nav2_custom
[0.801s] running install_egg_info
[0.811s] Copying ../../build/multi_robot_bringup/multi_robot_bringup.egg-info to /root/ros_workspace/install/multi_robot_bringup/lib/python3.12/site-packages/multi_robot_bringup-0.0.0-py3.12.egg-info
[0.811s] running install_scripts
[0.881s] writing list of installed files to '/root/ros_workspace/build/multi_robot_bringup/install.log'
[0.915s] Invoked command in '/root/ros_workspace/src/multi_robot_bringup' returned '0': AMENT_PREFIX_PATH=/root/ros_workspace/install/dynamic_obstacle_detector:/root/ros_workspace/install/turtlebot3_gazebo:/root/ros_workspace/install/slam_multi_robot:/root/ros_workspace/install/obstacle_fusion:/root/ros_workspace/install/multi_robot_bringup:/root/ros_workspace/install/merging_pkg:/root/ros_workspace/install/dynamic_obstacle_detector_interfaces:/opt/ros/jazzy PYTHONPATH=/root/ros_workspace/build/multi_robot_bringup/prefix_override:/usr/lib/python3/dist-packages/colcon_core/task/python/colcon_distutils_commands:/root/ros_workspace/install/multi_robot_bringup/lib/python3.12/site-packages:/root/ros_workspace/install/dynamic_obstacle_detector/lib/python3.12/site-packages:/root/ros_workspace/install/slam_multi_robot/lib/python3.12/site-packages:/root/ros_workspace/install/obstacle_fusion/lib/python3.12/site-packages:/root/ros_workspace/install/multi_robot_bringup/lib/python3.12/site-packages:/root/ros_workspace/install/merging_pkg/lib/python3.12/site-packages:/root/ros_workspace/install/dynamic_obstacle_detector_interfaces/lib/python3.12/site-packages:/opt/ros/jazzy/lib/python3.12/site-packages /usr/bin/python3 -W ignore:setup.py install is deprecated -W ignore:easy_install command is deprecated setup.py egg_info --egg-base ../../build/multi_robot_bringup build --build-base /root/ros_workspace/build/multi_robot_bringup/build install --record /root/ros_workspace/build/multi_robot_bringup/install.log --single-version-externally-managed install_data
