[0.751s] Invoking command in '/root/ros_workspace/src/merging_pkg': PYTHONPATH=/root/ros_workspace/build/merging_pkg/prefix_override:/usr/lib/python3/dist-packages/colcon_core/task/python/colcon_distutils_commands:/root/ros_workspace/install/merging_pkg/lib/python3.12/site-packages:${PYTHONPATH} /usr/bin/python3 -W ignore:setup.py install is deprecated -W ignore:easy_install command is deprecated setup.py egg_info --egg-base ../../build/merging_pkg build --build-base /root/ros_workspace/build/merging_pkg/build install --record /root/ros_workspace/build/merging_pkg/install.log --single-version-externally-managed install_data
[0.892s] running egg_info
[0.892s] creating ../../build/merging_pkg/merging_pkg.egg-info
[0.902s] writing ../../build/merging_pkg/merging_pkg.egg-info/PKG-INFO
[0.902s] writing dependency_links to ../../build/merging_pkg/merging_pkg.egg-info/dependency_links.txt
[0.902s] writing entry points to ../../build/merging_pkg/merging_pkg.egg-info/entry_points.txt
[0.902s] writing requirements to ../../build/merging_pkg/merging_pkg.egg-info/requires.txt
[0.903s] writing top-level names to ../../build/merging_pkg/merging_pkg.egg-info/top_level.txt
[0.903s] writing manifest file '../../build/merging_pkg/merging_pkg.egg-info/SOURCES.txt'
[0.921s] reading manifest file '../../build/merging_pkg/merging_pkg.egg-info/SOURCES.txt'
[0.921s] writing manifest file '../../build/merging_pkg/merging_pkg.egg-info/SOURCES.txt'
[0.921s] running build
[0.922s] running build_py
[0.922s] creating /root/ros_workspace/build/merging_pkg/build
[0.922s] creating /root/ros_workspace/build/merging_pkg/build/lib
[0.922s] creating /root/ros_workspace/build/merging_pkg/build/lib/merging_pkg
[0.922s] copying merging_pkg/robust_map_merger.py -> /root/ros_workspace/build/merging_pkg/build/lib/merging_pkg
[0.922s] copying merging_pkg/__init__.py -> /root/ros_workspace/build/merging_pkg/build/lib/merging_pkg
[0.922s] copying merging_pkg/robot_laser_filter.py -> /root/ros_workspace/build/merging_pkg/build/lib/merging_pkg
[0.923s] running install
[0.927s] running install_lib
[0.935s] creating /root/ros_workspace/install/merging_pkg/lib/python3.12/site-packages/merging_pkg
[0.935s] copying /root/ros_workspace/build/merging_pkg/build/lib/merging_pkg/robust_map_merger.py -> /root/ros_workspace/install/merging_pkg/lib/python3.12/site-packages/merging_pkg
[0.935s] copying /root/ros_workspace/build/merging_pkg/build/lib/merging_pkg/__init__.py -> /root/ros_workspace/install/merging_pkg/lib/python3.12/site-packages/merging_pkg
[0.935s] copying /root/ros_workspace/build/merging_pkg/build/lib/merging_pkg/robot_laser_filter.py -> /root/ros_workspace/install/merging_pkg/lib/python3.12/site-packages/merging_pkg
[0.936s] byte-compiling /root/ros_workspace/install/merging_pkg/lib/python3.12/site-packages/merging_pkg/robust_map_merger.py to robust_map_merger.cpython-312.pyc
[0.938s] byte-compiling /root/ros_workspace/install/merging_pkg/lib/python3.12/site-packages/merging_pkg/__init__.py to __init__.cpython-312.pyc
[0.939s] byte-compiling /root/ros_workspace/install/merging_pkg/lib/python3.12/site-packages/merging_pkg/robot_laser_filter.py to robot_laser_filter.cpython-312.pyc
[0.940s] running install_data
[0.940s] creating /root/ros_workspace/install/merging_pkg/share/ament_index
[0.940s] creating /root/ros_workspace/install/merging_pkg/share/ament_index/resource_index
[0.941s] creating /root/ros_workspace/install/merging_pkg/share/ament_index/resource_index/packages
[0.941s] copying resource/merging_pkg -> /root/ros_workspace/install/merging_pkg/share/ament_index/resource_index/packages
[0.941s] copying package.xml -> /root/ros_workspace/install/merging_pkg/share/merging_pkg
[0.941s] creating /root/ros_workspace/install/merging_pkg/share/merging_pkg/launch
[0.941s] copying launch/laser_filters.launch.py -> /root/ros_workspace/install/merging_pkg/share/merging_pkg/launch
[0.941s] copying launch/map_merging.launch.py -> /root/ros_workspace/install/merging_pkg/share/merging_pkg/launch
[0.941s] running install_egg_info
[0.950s] Copying ../../build/merging_pkg/merging_pkg.egg-info to /root/ros_workspace/install/merging_pkg/lib/python3.12/site-packages/merging_pkg-0.0.0-py3.12.egg-info
[0.951s] running install_scripts
[1.017s] Installing merger_node script to /root/ros_workspace/install/merging_pkg/lib/merging_pkg
[1.017s] Installing robot_laser_filter script to /root/ros_workspace/install/merging_pkg/lib/merging_pkg
[1.018s] writing list of installed files to '/root/ros_workspace/build/merging_pkg/install.log'
[1.038s] Invoked command in '/root/ros_workspace/src/merging_pkg' returned '0': PYTHONPATH=/root/ros_workspace/build/merging_pkg/prefix_override:/usr/lib/python3/dist-packages/colcon_core/task/python/colcon_distutils_commands:/root/ros_workspace/install/merging_pkg/lib/python3.12/site-packages:${PYTHONPATH} /usr/bin/python3 -W ignore:setup.py install is deprecated -W ignore:easy_install command is deprecated setup.py egg_info --egg-base ../../build/merging_pkg build --build-base /root/ros_workspace/build/merging_pkg/build install --record /root/ros_workspace/build/merging_pkg/install.log --single-version-externally-managed install_data
