[0.594s] Invoking command in '/root/ros_workspace/src/slam_multi_robot': AMENT_PREFIX_PATH=/root/ros_workspace/install/dynamic_obstacle_detector:/root/ros_workspace/install/turtlebot3_gazebo:/root/ros_workspace/install/slam_multi_robot:/root/ros_workspace/install/obstacle_fusion:/root/ros_workspace/install/multi_robot_bringup:/root/ros_workspace/install/merging_pkg:/root/ros_workspace/install/dynamic_obstacle_detector_interfaces:/opt/ros/jazzy PYTHONPATH=/root/ros_workspace/build/slam_multi_robot/prefix_override:/usr/lib/python3/dist-packages/colcon_core/task/python/colcon_distutils_commands:/root/ros_workspace/install/slam_multi_robot/lib/python3.12/site-packages:/root/ros_workspace/install/dynamic_obstacle_detector/lib/python3.12/site-packages:/root/ros_workspace/install/slam_multi_robot/lib/python3.12/site-packages:/root/ros_workspace/install/obstacle_fusion/lib/python3.12/site-packages:/root/ros_workspace/install/multi_robot_bringup/lib/python3.12/site-packages:/root/ros_workspace/install/merging_pkg/lib/python3.12/site-packages:/root/ros_workspace/install/dynamic_obstacle_detector_interfaces/lib/python3.12/site-packages:/opt/ros/jazzy/lib/python3.12/site-packages /usr/bin/python3 -W ignore:setup.py install is deprecated -W ignore:easy_install command is deprecated setup.py egg_info --egg-base ../../build/slam_multi_robot build --build-base /root/ros_workspace/build/slam_multi_robot/build install --record /root/ros_workspace/build/slam_multi_robot/install.log --single-version-externally-managed install_data
[0.745s] running egg_info
[0.745s] creating ../../build/slam_multi_robot/slam_multi_robot.egg-info
[0.754s] writing ../../build/slam_multi_robot/slam_multi_robot.egg-info/PKG-INFO
[0.754s] writing dependency_links to ../../build/slam_multi_robot/slam_multi_robot.egg-info/dependency_links.txt
[0.754s] writing requirements to ../../build/slam_multi_robot/slam_multi_robot.egg-info/requires.txt
[0.755s] writing top-level names to ../../build/slam_multi_robot/slam_multi_robot.egg-info/top_level.txt
[0.755s] writing manifest file '../../build/slam_multi_robot/slam_multi_robot.egg-info/SOURCES.txt'
[0.773s] reading manifest file '../../build/slam_multi_robot/slam_multi_robot.egg-info/SOURCES.txt'
[0.774s] writing manifest file '../../build/slam_multi_robot/slam_multi_robot.egg-info/SOURCES.txt'
[0.774s] running build
[0.775s] running build_py
[0.775s] creating /root/ros_workspace/build/slam_multi_robot/build
[0.775s] creating /root/ros_workspace/build/slam_multi_robot/build/lib
[0.775s] creating /root/ros_workspace/build/slam_multi_robot/build/lib/multi_robot_scripts
[0.775s] copying multi_robot_scripts/__init__.py -> /root/ros_workspace/build/slam_multi_robot/build/lib/multi_robot_scripts
[0.775s] copying multi_robot_scripts/utils.py -> /root/ros_workspace/build/slam_multi_robot/build/lib/multi_robot_scripts
[0.775s] creating /root/ros_workspace/build/slam_multi_robot/build/lib/slam_multi_robot
[0.775s] copying slam_multi_robot/__init__.py -> /root/ros_workspace/build/slam_multi_robot/build/lib/slam_multi_robot
[0.775s] running install
[0.780s] running install_lib
[0.791s] creating /root/ros_workspace/install/slam_multi_robot/lib/python3.12/site-packages/multi_robot_scripts
[0.791s] copying /root/ros_workspace/build/slam_multi_robot/build/lib/multi_robot_scripts/__init__.py -> /root/ros_workspace/install/slam_multi_robot/lib/python3.12/site-packages/multi_robot_scripts
[0.791s] copying /root/ros_workspace/build/slam_multi_robot/build/lib/multi_robot_scripts/utils.py -> /root/ros_workspace/install/slam_multi_robot/lib/python3.12/site-packages/multi_robot_scripts
[0.791s] creating /root/ros_workspace/install/slam_multi_robot/lib/python3.12/site-packages/slam_multi_robot
[0.792s] copying /root/ros_workspace/build/slam_multi_robot/build/lib/slam_multi_robot/__init__.py -> /root/ros_workspace/install/slam_multi_robot/lib/python3.12/site-packages/slam_multi_robot
[0.792s] byte-compiling /root/ros_workspace/install/slam_multi_robot/lib/python3.12/site-packages/multi_robot_scripts/__init__.py to __init__.cpython-312.pyc
[0.792s] byte-compiling /root/ros_workspace/install/slam_multi_robot/lib/python3.12/site-packages/multi_robot_scripts/utils.py to utils.cpython-312.pyc
[0.793s] byte-compiling /root/ros_workspace/install/slam_multi_robot/lib/python3.12/site-packages/slam_multi_robot/__init__.py to __init__.cpython-312.pyc
[0.793s] running install_data
[0.793s] creating /root/ros_workspace/install/slam_multi_robot/share/ament_index
[0.793s] creating /root/ros_workspace/install/slam_multi_robot/share/ament_index/resource_index
[0.794s] creating /root/ros_workspace/install/slam_multi_robot/share/ament_index/resource_index/packages
[0.794s] copying resource/slam_multi_robot -> /root/ros_workspace/install/slam_multi_robot/share/ament_index/resource_index/packages
[0.795s] copying package.xml -> /root/ros_workspace/install/slam_multi_robot/share/slam_multi_robot
[0.796s] creating /root/ros_workspace/install/slam_multi_robot/share/slam_multi_robot/launch
[0.796s] copying launch/navigation.launch.py -> /root/ros_workspace/install/slam_multi_robot/share/slam_multi_robot/launch
[0.796s] copying launch/general_bringup.launch.py -> /root/ros_workspace/install/slam_multi_robot/share/slam_multi_robot/launch
[0.796s] copying launch/gazebo_world.launch.py -> /root/ros_workspace/install/slam_multi_robot/share/slam_multi_robot/launch
[0.796s] copying launch/static_transform.launch.py -> /root/ros_workspace/install/slam_multi_robot/share/slam_multi_robot/launch
[0.796s] copying launch/slam_bringup.launch.py -> /root/ros_workspace/install/slam_multi_robot/share/slam_multi_robot/launch
[0.796s] creating /root/ros_workspace/install/slam_multi_robot/share/slam_multi_robot/params
[0.796s] copying params/params_nav2.yaml -> /root/ros_workspace/install/slam_multi_robot/share/slam_multi_robot/params
[0.796s] copying params/slam_params.yaml -> /root/ros_workspace/install/slam_multi_robot/share/slam_multi_robot/params
[0.796s] creating /root/ros_workspace/install/slam_multi_robot/share/slam_multi_robot/rviz
[0.796s] copying rviz/tb3_navigation2.rviz -> /root/ros_workspace/install/slam_multi_robot/share/slam_multi_robot/rviz
[0.797s] creating /root/ros_workspace/install/slam_multi_robot/share/slam_multi_robot/config
[0.797s] copying config/gz_bridge.yaml -> /root/ros_workspace/install/slam_multi_robot/share/slam_multi_robot/config
[0.797s] creating /root/ros_workspace/install/slam_multi_robot/share/slam_multi_robot/map
[0.797s] creating /root/ros_workspace/install/slam_multi_robot/share/slam_multi_robot/launch/nav2_custom
[0.797s] running install_egg_info
[0.806s] Copying ../../build/slam_multi_robot/slam_multi_robot.egg-info to /root/ros_workspace/install/slam_multi_robot/lib/python3.12/site-packages/slam_multi_robot-0.0.0-py3.12.egg-info
[0.806s] running install_scripts
[0.877s] writing list of installed files to '/root/ros_workspace/build/slam_multi_robot/install.log'
[0.916s] Invoked command in '/root/ros_workspace/src/slam_multi_robot' returned '0': AMENT_PREFIX_PATH=/root/ros_workspace/install/dynamic_obstacle_detector:/root/ros_workspace/install/turtlebot3_gazebo:/root/ros_workspace/install/slam_multi_robot:/root/ros_workspace/install/obstacle_fusion:/root/ros_workspace/install/multi_robot_bringup:/root/ros_workspace/install/merging_pkg:/root/ros_workspace/install/dynamic_obstacle_detector_interfaces:/opt/ros/jazzy PYTHONPATH=/root/ros_workspace/build/slam_multi_robot/prefix_override:/usr/lib/python3/dist-packages/colcon_core/task/python/colcon_distutils_commands:/root/ros_workspace/install/slam_multi_robot/lib/python3.12/site-packages:/root/ros_workspace/install/dynamic_obstacle_detector/lib/python3.12/site-packages:/root/ros_workspace/install/slam_multi_robot/lib/python3.12/site-packages:/root/ros_workspace/install/obstacle_fusion/lib/python3.12/site-packages:/root/ros_workspace/install/multi_robot_bringup/lib/python3.12/site-packages:/root/ros_workspace/install/merging_pkg/lib/python3.12/site-packages:/root/ros_workspace/install/dynamic_obstacle_detector_interfaces/lib/python3.12/site-packages:/opt/ros/jazzy/lib/python3.12/site-packages /usr/bin/python3 -W ignore:setup.py install is deprecated -W ignore:easy_install command is deprecated setup.py egg_info --egg-base ../../build/slam_multi_robot build --build-base /root/ros_workspace/build/slam_multi_robot/build install --record /root/ros_workspace/build/slam_multi_robot/install.log --single-version-externally-managed install_data
