[0.475s] Invoking command in '/root/ros_workspace/src/obstacle_fusion': AMENT_PREFIX_PATH=/root/ros_workspace/install/dynamic_obstacle_detector_interfaces:${AMENT_PREFIX_PATH} CMAKE_PREFIX_PATH=/root/ros_workspace/install/dynamic_obstacle_detector_interfaces:${CMAKE_PREFIX_PATH} LD_LIBRARY_PATH=/root/ros_workspace/install/dynamic_obstacle_detector_interfaces/lib:${LD_LIBRARY_PATH} PYTHONPATH=/root/ros_workspace/build/obstacle_fusion/prefix_override:/usr/lib/python3/dist-packages/colcon_core/task/python/colcon_distutils_commands:/root/ros_workspace/install/obstacle_fusion/lib/python3.12/site-packages:/root/ros_workspace/install/dynamic_obstacle_detector_interfaces/lib/python3.12/site-packages:${PYTHONPATH} /usr/bin/python3 -W ignore:setup.py install is deprecated -W ignore:easy_install command is deprecated setup.py egg_info --egg-base ../../build/obstacle_fusion build --build-base /root/ros_workspace/build/obstacle_fusion/build install --record /root/ros_workspace/build/obstacle_fusion/install.log --single-version-externally-managed install_data
[0.625s] running egg_info
[0.625s] creating ../../build/obstacle_fusion/obstacle_fusion.egg-info
[0.633s] writing ../../build/obstacle_fusion/obstacle_fusion.egg-info/PKG-INFO
[0.633s] writing dependency_links to ../../build/obstacle_fusion/obstacle_fusion.egg-info/dependency_links.txt
[0.633s] writing entry points to ../../build/obstacle_fusion/obstacle_fusion.egg-info/entry_points.txt
[0.633s] writing requirements to ../../build/obstacle_fusion/obstacle_fusion.egg-info/requires.txt
[0.633s] writing top-level names to ../../build/obstacle_fusion/obstacle_fusion.egg-info/top_level.txt
[0.633s] writing manifest file '../../build/obstacle_fusion/obstacle_fusion.egg-info/SOURCES.txt'
[0.650s] reading manifest file '../../build/obstacle_fusion/obstacle_fusion.egg-info/SOURCES.txt'
[0.651s] writing manifest file '../../build/obstacle_fusion/obstacle_fusion.egg-info/SOURCES.txt'
[0.651s] running build
[0.651s] running build_py
[0.651s] creating /root/ros_workspace/build/obstacle_fusion/build
[0.651s] creating /root/ros_workspace/build/obstacle_fusion/build/lib
[0.651s] creating /root/ros_workspace/build/obstacle_fusion/build/lib/obstacle_fusion
[0.652s] copying obstacle_fusion/fusion_node.py -> /root/ros_workspace/build/obstacle_fusion/build/lib/obstacle_fusion
[0.652s] copying obstacle_fusion/__init__.py -> /root/ros_workspace/build/obstacle_fusion/build/lib/obstacle_fusion
[0.652s] running install
[0.656s] running install_lib
[0.665s] creating /root/ros_workspace/install/obstacle_fusion/lib/python3.12/site-packages/obstacle_fusion
[0.665s] copying /root/ros_workspace/build/obstacle_fusion/build/lib/obstacle_fusion/fusion_node.py -> /root/ros_workspace/install/obstacle_fusion/lib/python3.12/site-packages/obstacle_fusion
[0.665s] copying /root/ros_workspace/build/obstacle_fusion/build/lib/obstacle_fusion/__init__.py -> /root/ros_workspace/install/obstacle_fusion/lib/python3.12/site-packages/obstacle_fusion
[0.665s] byte-compiling /root/ros_workspace/install/obstacle_fusion/lib/python3.12/site-packages/obstacle_fusion/fusion_node.py to fusion_node.cpython-312.pyc
[0.671s] byte-compiling /root/ros_workspace/install/obstacle_fusion/lib/python3.12/site-packages/obstacle_fusion/__init__.py to __init__.cpython-312.pyc
[0.671s] running install_data
[0.671s] creating /root/ros_workspace/install/obstacle_fusion/share/ament_index
[0.671s] creating /root/ros_workspace/install/obstacle_fusion/share/ament_index/resource_index
[0.671s] creating /root/ros_workspace/install/obstacle_fusion/share/ament_index/resource_index/packages
[0.671s] copying resource/obstacle_fusion -> /root/ros_workspace/install/obstacle_fusion/share/ament_index/resource_index/packages
[0.671s] copying package.xml -> /root/ros_workspace/install/obstacle_fusion/share/obstacle_fusion
[0.672s] running install_egg_info
[0.681s] Copying ../../build/obstacle_fusion/obstacle_fusion.egg-info to /root/ros_workspace/install/obstacle_fusion/lib/python3.12/site-packages/obstacle_fusion-0.0.0-py3.12.egg-info
[0.682s] running install_scripts
[0.751s] Installing fusion_node script to /root/ros_workspace/install/obstacle_fusion/lib/obstacle_fusion
[0.751s] Installing prediction_to_costmap_node script to /root/ros_workspace/install/obstacle_fusion/lib/obstacle_fusion
[0.751s] writing list of installed files to '/root/ros_workspace/build/obstacle_fusion/install.log'
[0.770s] Invoked command in '/root/ros_workspace/src/obstacle_fusion' returned '0': AMENT_PREFIX_PATH=/root/ros_workspace/install/dynamic_obstacle_detector_interfaces:${AMENT_PREFIX_PATH} CMAKE_PREFIX_PATH=/root/ros_workspace/install/dynamic_obstacle_detector_interfaces:${CMAKE_PREFIX_PATH} LD_LIBRARY_PATH=/root/ros_workspace/install/dynamic_obstacle_detector_interfaces/lib:${LD_LIBRARY_PATH} PYTHONPATH=/root/ros_workspace/build/obstacle_fusion/prefix_override:/usr/lib/python3/dist-packages/colcon_core/task/python/colcon_distutils_commands:/root/ros_workspace/install/obstacle_fusion/lib/python3.12/site-packages:/root/ros_workspace/install/dynamic_obstacle_detector_interfaces/lib/python3.12/site-packages:${PYTHONPATH} /usr/bin/python3 -W ignore:setup.py install is deprecated -W ignore:easy_install command is deprecated setup.py egg_info --egg-base ../../build/obstacle_fusion build --build-base /root/ros_workspace/build/obstacle_fusion/build install --record /root/ros_workspace/build/obstacle_fusion/install.log --single-version-externally-managed install_data
